[0.201s] Invoking command in '/home/ws/build/linorobot2_navigation': CMAKE_PREFIX_PATH=${CMAKE_PREFIX_PATH}:/opt/ros/jazzy /usr/bin/cmake --build /home/ws/build/linorobot2_navigation -- -j16 -l16
[0.259s] Invoked command in '/home/ws/build/linorobot2_navigation' returned '0': CMAKE_PREFIX_PATH=${CMAKE_PREFIX_PATH}:/opt/ros/jazzy /usr/bin/cmake --build /home/ws/build/linorobot2_navigation -- -j16 -l16
[0.260s] Invoking command in '/home/ws/build/linorobot2_navigation': CMAKE_PREFIX_PATH=${CMAKE_PREFIX_PATH}:/opt/ros/jazzy /usr/bin/cmake --install /home/ws/build/linorobot2_navigation
[0.267s] -- Install configuration: ""
[0.267s] -- Up-to-date: /home/ws/install/linorobot2_navigation/share/linorobot2_navigation/launch
[0.267s] -- Up-to-date: /home/ws/install/linorobot2_navigation/share/linorobot2_navigation/launch/navigation.launch.py
[0.267s] -- Up-to-date: /home/ws/install/linorobot2_navigation/share/linorobot2_navigation/launch/slam.launch.py
[0.267s] -- Up-to-date: /home/ws/install/linorobot2_navigation/share/linorobot2_navigation/rviz
[0.268s] -- Up-to-date: /home/ws/install/linorobot2_navigation/share/linorobot2_navigation/rviz/linorobot2_navigation_minimal.rviz
[0.268s] -- Up-to-date: /home/ws/install/linorobot2_navigation/share/linorobot2_navigation/rviz/linorobot2_navigation.rviz
[0.268s] -- Up-to-date: /home/ws/install/linorobot2_navigation/share/linorobot2_navigation/rviz/linorobot2_slam.rviz
[0.268s] -- Up-to-date: /home/ws/install/linorobot2_navigation/share/linorobot2_navigation/config
[0.268s] -- Up-to-date: /home/ws/install/linorobot2_navigation/share/linorobot2_navigation/config/slam.yaml
[0.268s] -- Up-to-date: /home/ws/install/linorobot2_navigation/share/linorobot2_navigation/config/navigation.yaml
[0.268s] -- Up-to-date: /home/ws/install/linorobot2_navigation/share/linorobot2_navigation/maps
[0.268s] -- Up-to-date: /home/ws/install/linorobot2_navigation/share/linorobot2_navigation/maps/map.pgm
[0.269s] -- Up-to-date: /home/ws/install/linorobot2_navigation/share/linorobot2_navigation/maps/turtlebot3_world.pgm
[0.269s] -- Up-to-date: /home/ws/install/linorobot2_navigation/share/linorobot2_navigation/maps/turtlebot3_world.yaml
[0.269s] -- Up-to-date: /home/ws/install/linorobot2_navigation/share/linorobot2_navigation/maps/map.yaml
[0.270s] -- Up-to-date: /home/ws/install/linorobot2_navigation/share/linorobot2_navigation/maps/playground.pgm
[0.270s] -- Up-to-date: /home/ws/install/linorobot2_navigation/share/linorobot2_navigation/maps/playground.yaml
[0.270s] -- Up-to-date: /home/ws/install/linorobot2_navigation/share/ament_index/resource_index/package_run_dependencies/linorobot2_navigation
[0.270s] -- Up-to-date: /home/ws/install/linorobot2_navigation/share/ament_index/resource_index/parent_prefix_path/linorobot2_navigation
[0.271s] -- Up-to-date: /home/ws/install/linorobot2_navigation/share/linorobot2_navigation/environment/ament_prefix_path.sh
[0.271s] -- Up-to-date: /home/ws/install/linorobot2_navigation/share/linorobot2_navigation/environment/ament_prefix_path.dsv
[0.271s] -- Up-to-date: /home/ws/install/linorobot2_navigation/share/linorobot2_navigation/environment/path.sh
[0.271s] -- Up-to-date: /home/ws/install/linorobot2_navigation/share/linorobot2_navigation/environment/path.dsv
[0.271s] -- Up-to-date: /home/ws/install/linorobot2_navigation/share/linorobot2_navigation/local_setup.bash
[0.272s] -- Up-to-date: /home/ws/install/linorobot2_navigation/share/linorobot2_navigation/local_setup.sh
[0.272s] -- Up-to-date: /home/ws/install/linorobot2_navigation/share/linorobot2_navigation/local_setup.zsh
[0.272s] -- Up-to-date: /home/ws/install/linorobot2_navigation/share/linorobot2_navigation/local_setup.dsv
[0.272s] -- Installing: /home/ws/install/linorobot2_navigation/share/linorobot2_navigation/package.dsv
[0.273s] -- Up-to-date: /home/ws/install/linorobot2_navigation/share/ament_index/resource_index/packages/linorobot2_navigation
[0.273s] -- Up-to-date: /home/ws/install/linorobot2_navigation/share/linorobot2_navigation/cmake/linorobot2_navigationConfig.cmake
[0.273s] -- Up-to-date: /home/ws/install/linorobot2_navigation/share/linorobot2_navigation/cmake/linorobot2_navigationConfig-version.cmake
[0.274s] -- Up-to-date: /home/ws/install/linorobot2_navigation/share/linorobot2_navigation/package.xml
[0.274s] Invoked command in '/home/ws/build/linorobot2_navigation' returned '0': CMAKE_PREFIX_PATH=${CMAKE_PREFIX_PATH}:/opt/ros/jazzy /usr/bin/cmake --install /home/ws/build/linorobot2_navigation
