/home/ws/install/linorobot2_gazebo/lib/python3.12/site-packages/linorobot2_gazebo/__init__.py
/home/ws/install/linorobot2_gazebo/lib/python3.12/site-packages/linorobot2_gazebo/world_creator.py
/home/ws/install/linorobot2_gazebo/lib/python3.12/site-packages/linorobot2_gazebo/map_to_gazebo.py
/home/ws/install/linorobot2_gazebo/lib/python3.12/site-packages/linorobot2_gazebo/command_timeout.py
/home/ws/install/linorobot2_gazebo/lib/python3.12/site-packages/linorobot2_gazebo/__pycache__/__init__.cpython-312.pyc
/home/ws/install/linorobot2_gazebo/lib/python3.12/site-packages/linorobot2_gazebo/__pycache__/world_creator.cpython-312.pyc
/home/ws/install/linorobot2_gazebo/lib/python3.12/site-packages/linorobot2_gazebo/__pycache__/map_to_gazebo.cpython-312.pyc
/home/ws/install/linorobot2_gazebo/lib/python3.12/site-packages/linorobot2_gazebo/__pycache__/command_timeout.cpython-312.pyc
/home/ws/install/linorobot2_gazebo/share/ament_index/resource_index/packages/linorobot2_gazebo
/home/ws/install/linorobot2_gazebo/share/linorobot2_gazebo/package.xml
/home/ws/install/linorobot2_gazebo/share/linorobot2_gazebo/launch/gazebo.launch.py
/home/ws/install/linorobot2_gazebo/share/linorobot2_gazebo/worlds/playground.sdf
/home/ws/install/linorobot2_gazebo/share/linorobot2_gazebo/worlds/turtlebot3_world.sdf
/home/ws/install/linorobot2_gazebo/share/linorobot2_gazebo/rviz/view_urdf.rviz
/home/ws/install/linorobot2_gazebo/share/linorobot2_gazebo/hook/linorobot2_gazebo.sh
/home/ws/install/linorobot2_gazebo/share/linorobot2_gazebo/models/turtlebot3_world/model.config
/home/ws/install/linorobot2_gazebo/share/linorobot2_gazebo/models/turtlebot3_world/model-1_4.sdf
/home/ws/install/linorobot2_gazebo/share/linorobot2_gazebo/models/turtlebot3_world/model.sdf
/home/ws/install/linorobot2_gazebo/share/linorobot2_gazebo/models/turtlebot3_world/meshes/hexagon.dae
/home/ws/install/linorobot2_gazebo/share/linorobot2_gazebo/models/turtlebot3_world/meshes/wall.dae
/home/ws/install/linorobot2_gazebo/lib/python3.12/site-packages/linorobot2_gazebo-0.0.0-py3.12.egg-info/PKG-INFO
/home/ws/install/linorobot2_gazebo/lib/python3.12/site-packages/linorobot2_gazebo-0.0.0-py3.12.egg-info/SOURCES.txt
/home/ws/install/linorobot2_gazebo/lib/python3.12/site-packages/linorobot2_gazebo-0.0.0-py3.12.egg-info/zip-safe
/home/ws/install/linorobot2_gazebo/lib/python3.12/site-packages/linorobot2_gazebo-0.0.0-py3.12.egg-info/entry_points.txt
/home/ws/install/linorobot2_gazebo/lib/python3.12/site-packages/linorobot2_gazebo-0.0.0-py3.12.egg-info/dependency_links.txt
/home/ws/install/linorobot2_gazebo/lib/python3.12/site-packages/linorobot2_gazebo-0.0.0-py3.12.egg-info/top_level.txt
/home/ws/install/linorobot2_gazebo/lib/linorobot2_gazebo/command_timeout
/home/ws/install/linorobot2_gazebo/lib/linorobot2_gazebo/world_creator
