-- Install configuration: ""
-- Up-to-date: /home/ws/install/linorobot2_gazebo/share/linorobot2_gazebo/launch
-- Up-to-date: /home/ws/install/linorobot2_gazebo/share/linorobot2_gazebo/launch/gazebo.launch.py
-- Up-to-date: /home/ws/install/linorobot2_gazebo/share/linorobot2_gazebo/rviz
-- Up-to-date: /home/ws/install/linorobot2_gazebo/share/linorobot2_gazebo/rviz/view_urdf.rviz
-- Up-to-date: /home/ws/install/linorobot2_gazebo/share/linorobot2_gazebo/worlds
-- Up-to-date: /home/ws/install/linorobot2_gazebo/share/linorobot2_gazebo/worlds/gas_station.world
-- Up-to-date: /home/ws/install/linorobot2_gazebo/share/linorobot2_gazebo/worlds/playground.world
-- Up-to-date: /home/ws/install/linorobot2_gazebo/lib/linorobot2_gazebo/command_timeout.py
-- Up-to-date: /home/ws/install/linorobot2_gazebo/share/linorobot2_gazebo/environment/linorobot2_gazebo.sh
-- Up-to-date: /home/ws/install/linorobot2_gazebo/share/ament_index/resource_index/package_run_dependencies/linorobot2_gazebo
-- Up-to-date: /home/ws/install/linorobot2_gazebo/share/ament_index/resource_index/parent_prefix_path/linorobot2_gazebo
-- Up-to-date: /home/ws/install/linorobot2_gazebo/share/linorobot2_gazebo/environment/ament_prefix_path.sh
-- Up-to-date: /home/ws/install/linorobot2_gazebo/share/linorobot2_gazebo/environment/ament_prefix_path.dsv
-- Up-to-date: /home/ws/install/linorobot2_gazebo/share/linorobot2_gazebo/environment/path.sh
-- Up-to-date: /home/ws/install/linorobot2_gazebo/share/linorobot2_gazebo/environment/path.dsv
-- Up-to-date: /home/ws/install/linorobot2_gazebo/share/linorobot2_gazebo/local_setup.bash
-- Up-to-date: /home/ws/install/linorobot2_gazebo/share/linorobot2_gazebo/local_setup.sh
-- Up-to-date: /home/ws/install/linorobot2_gazebo/share/linorobot2_gazebo/local_setup.zsh
-- Up-to-date: /home/ws/install/linorobot2_gazebo/share/linorobot2_gazebo/local_setup.dsv
-- Up-to-date: /home/ws/install/linorobot2_gazebo/share/linorobot2_gazebo/package.dsv
-- Up-to-date: /home/ws/install/linorobot2_gazebo/share/ament_index/resource_index/packages/linorobot2_gazebo
-- Up-to-date: /home/ws/install/linorobot2_gazebo/share/linorobot2_gazebo/cmake/linorobot2_gazeboConfig.cmake
-- Up-to-date: /home/ws/install/linorobot2_gazebo/share/linorobot2_gazebo/cmake/linorobot2_gazeboConfig-version.cmake
-- Up-to-date: /home/ws/install/linorobot2_gazebo/share/linorobot2_gazebo/package.xml
