[0.015s] Invoking command in '/home/ws/build/linorobot2': CMAKE_PREFIX_PATH=${CMAKE_PREFIX_PATH}:/opt/ros/jazzy /usr/bin/cmake /home/ws/src/linorobot2/linorobot2 -DCMAKE_INSTALL_PREFIX=/home/ws/install/linorobot2
[0.061s] -- The C compiler identification is GNU 13.3.0
[0.117s] -- The CXX compiler identification is GNU 13.3.0
[0.129s] -- Detecting C compiler ABI info
[0.203s] -- Detecting C compiler ABI info - done
[0.212s] -- Check for working C compiler: /usr/bin/cc - skipped
[0.212s] -- Detecting C compile features
[0.213s] -- Detecting C compile features - done
[0.219s] -- Detecting CXX compiler ABI info
[0.293s] -- Detecting CXX compiler ABI info - done
[0.306s] -- Check for working CXX compiler: /usr/bin/c++ - skipped
[0.307s] -- Detecting CXX compile features
[0.307s] -- Detecting CXX compile features - done
[0.311s] -- Found ament_cmake: 2.5.6 (/opt/ros/jazzy/share/ament_cmake/cmake)
[0.474s] -- Found Python3: /usr/bin/python3 (found version "3.12.3") found components: Interpreter 
[0.655s] -- Configuring done (0.6s)
[0.657s] -- Generating done (0.0s)
[0.659s] -- Build files have been written to: /home/ws/build/linorobot2
[0.662s] Invoked command in '/home/ws/build/linorobot2' returned '0': CMAKE_PREFIX_PATH=${CMAKE_PREFIX_PATH}:/opt/ros/jazzy /usr/bin/cmake /home/ws/src/linorobot2/linorobot2 -DCMAKE_INSTALL_PREFIX=/home/ws/install/linorobot2
[0.663s] Invoking command in '/home/ws/build/linorobot2': CMAKE_PREFIX_PATH=${CMAKE_PREFIX_PATH}:/opt/ros/jazzy /usr/bin/cmake --build /home/ws/build/linorobot2 -- -j16 -l16
[0.690s] Invoked command in '/home/ws/build/linorobot2' returned '0': CMAKE_PREFIX_PATH=${CMAKE_PREFIX_PATH}:/opt/ros/jazzy /usr/bin/cmake --build /home/ws/build/linorobot2 -- -j16 -l16
[0.691s] Invoking command in '/home/ws/build/linorobot2': CMAKE_PREFIX_PATH=${CMAKE_PREFIX_PATH}:/opt/ros/jazzy /usr/bin/cmake --install /home/ws/build/linorobot2
[0.697s] -- Install configuration: ""
[0.697s] -- Installing: /home/ws/install/linorobot2/share/ament_index/resource_index/package_run_dependencies/linorobot2
[0.697s] -- Installing: /home/ws/install/linorobot2/share/ament_index/resource_index/parent_prefix_path/linorobot2
[0.697s] -- Installing: /home/ws/install/linorobot2/share/linorobot2/environment/ament_prefix_path.sh
[0.698s] -- Installing: /home/ws/install/linorobot2/share/linorobot2/environment/ament_prefix_path.dsv
[0.698s] -- Installing: /home/ws/install/linorobot2/share/linorobot2/environment/path.sh
[0.698s] -- Installing: /home/ws/install/linorobot2/share/linorobot2/environment/path.dsv
[0.698s] -- Installing: /home/ws/install/linorobot2/share/linorobot2/local_setup.bash
[0.699s] -- Installing: /home/ws/install/linorobot2/share/linorobot2/local_setup.sh
[0.699s] -- Installing: /home/ws/install/linorobot2/share/linorobot2/local_setup.zsh
[0.699s] -- Installing: /home/ws/install/linorobot2/share/linorobot2/local_setup.dsv
[0.699s] -- Installing: /home/ws/install/linorobot2/share/linorobot2/package.dsv
[0.699s] -- Installing: /home/ws/install/linorobot2/share/ament_index/resource_index/packages/linorobot2
[0.699s] -- Installing: /home/ws/install/linorobot2/share/linorobot2/cmake/linorobot2Config.cmake
[0.700s] -- Installing: /home/ws/install/linorobot2/share/linorobot2/cmake/linorobot2Config-version.cmake
[0.700s] -- Installing: /home/ws/install/linorobot2/share/linorobot2/package.xml
[0.713s] Invoked command in '/home/ws/build/linorobot2' returned '0': CMAKE_PREFIX_PATH=${CMAKE_PREFIX_PATH}:/opt/ros/jazzy /usr/bin/cmake --install /home/ws/build/linorobot2
