-- Found ament_cmake: 2.5.6 (/opt/ros/jazzy/share/ament_cmake/cmake)
-- Configuring done (0.3s)
-- Generating done (0.0s)
-- Build files have been written to: /home/ws/build/linorobot2_base
-- Install configuration: ""
-- Up-to-date: /home/ws/install/linorobot2_base/share/linorobot2_base/config
-- Installing: /home/ws/install/linorobot2_base/share/linorobot2_base/config/ekf.yaml
-- Up-to-date: /home/ws/install/linorobot2_base/share/ament_index/resource_index/package_run_dependencies/linorobot2_base
-- Up-to-date: /home/ws/install/linorobot2_base/share/ament_index/resource_index/parent_prefix_path/linorobot2_base
-- Up-to-date: /home/ws/install/linorobot2_base/share/linorobot2_base/environment/ament_prefix_path.sh
-- Up-to-date: /home/ws/install/linorobot2_base/share/linorobot2_base/environment/ament_prefix_path.dsv
-- Up-to-date: /home/ws/install/linorobot2_base/share/linorobot2_base/environment/path.sh
-- Up-to-date: /home/ws/install/linorobot2_base/share/linorobot2_base/environment/path.dsv
-- Up-to-date: /home/ws/install/linorobot2_base/share/linorobot2_base/local_setup.bash
-- Up-to-date: /home/ws/install/linorobot2_base/share/linorobot2_base/local_setup.sh
-- Up-to-date: /home/ws/install/linorobot2_base/share/linorobot2_base/local_setup.zsh
-- Up-to-date: /home/ws/install/linorobot2_base/share/linorobot2_base/local_setup.dsv
-- Installing: /home/ws/install/linorobot2_base/share/linorobot2_base/package.dsv
-- Up-to-date: /home/ws/install/linorobot2_base/share/ament_index/resource_index/packages/linorobot2_base
-- Up-to-date: /home/ws/install/linorobot2_base/share/linorobot2_base/cmake/linorobot2_baseConfig.cmake
-- Up-to-date: /home/ws/install/linorobot2_base/share/linorobot2_base/cmake/linorobot2_baseConfig-version.cmake
-- Installing: /home/ws/install/linorobot2_base/share/linorobot2_base/package.xml
