[0.018s] Invoking command in '/home/ws/build/linorobot2_base': CMAKE_PREFIX_PATH=${CMAKE_PREFIX_PATH}:/opt/ros/jazzy /usr/bin/cmake --build /home/ws/build/linorobot2_base -- -j16 -l16
[0.223s] -- Found ament_cmake: 2.5.6 (/opt/ros/jazzy/share/ament_cmake/cmake)
[0.324s] -- Configuring done (0.3s)
[0.327s] -- Generating done (0.0s)
[0.328s] -- Build files have been written to: /home/ws/build/linorobot2_base
[0.348s] Invoked command in '/home/ws/build/linorobot2_base' returned '0': CMAKE_PREFIX_PATH=${CMAKE_PREFIX_PATH}:/opt/ros/jazzy /usr/bin/cmake --build /home/ws/build/linorobot2_base -- -j16 -l16
[0.349s] Invoking command in '/home/ws/build/linorobot2_base': CMAKE_PREFIX_PATH=${CMAKE_PREFIX_PATH}:/opt/ros/jazzy /usr/bin/cmake --install /home/ws/build/linorobot2_base
[0.355s] -- Install configuration: ""
[0.356s] -- Up-to-date: /home/ws/install/linorobot2_base/share/linorobot2_base/config
[0.356s] -- Installing: /home/ws/install/linorobot2_base/share/linorobot2_base/config/ekf.yaml
[0.356s] -- Up-to-date: /home/ws/install/linorobot2_base/share/ament_index/resource_index/package_run_dependencies/linorobot2_base
[0.356s] -- Up-to-date: /home/ws/install/linorobot2_base/share/ament_index/resource_index/parent_prefix_path/linorobot2_base
[0.356s] -- Up-to-date: /home/ws/install/linorobot2_base/share/linorobot2_base/environment/ament_prefix_path.sh
[0.356s] -- Up-to-date: /home/ws/install/linorobot2_base/share/linorobot2_base/environment/ament_prefix_path.dsv
[0.356s] -- Up-to-date: /home/ws/install/linorobot2_base/share/linorobot2_base/environment/path.sh
[0.356s] -- Up-to-date: /home/ws/install/linorobot2_base/share/linorobot2_base/environment/path.dsv
[0.356s] -- Up-to-date: /home/ws/install/linorobot2_base/share/linorobot2_base/local_setup.bash
[0.356s] -- Up-to-date: /home/ws/install/linorobot2_base/share/linorobot2_base/local_setup.sh
[0.356s] -- Up-to-date: /home/ws/install/linorobot2_base/share/linorobot2_base/local_setup.zsh
[0.357s] -- Up-to-date: /home/ws/install/linorobot2_base/share/linorobot2_base/local_setup.dsv
[0.357s] -- Installing: /home/ws/install/linorobot2_base/share/linorobot2_base/package.dsv
[0.357s] -- Up-to-date: /home/ws/install/linorobot2_base/share/ament_index/resource_index/packages/linorobot2_base
[0.357s] -- Up-to-date: /home/ws/install/linorobot2_base/share/linorobot2_base/cmake/linorobot2_baseConfig.cmake
[0.357s] -- Up-to-date: /home/ws/install/linorobot2_base/share/linorobot2_base/cmake/linorobot2_baseConfig-version.cmake
[0.358s] -- Installing: /home/ws/install/linorobot2_base/share/linorobot2_base/package.xml
[0.384s] Invoked command in '/home/ws/build/linorobot2_base' returned '0': CMAKE_PREFIX_PATH=${CMAKE_PREFIX_PATH}:/opt/ros/jazzy /usr/bin/cmake --install /home/ws/build/linorobot2_base
