[0.017s] Invoking command in '/home/ws/build/micro_ros_msgs': CMAKE_PREFIX_PATH=${CMAKE_PREFIX_PATH}:/opt/ros/jazzy /usr/bin/cmake --build /home/ws/build/micro_ros_msgs -- -j16 -l16
[0.057s] [  3%] Built target micro_ros_msgs__rosidl_generator_type_description
[0.057s] [  3%] Built target micro_ros_msgs__rs
[0.065s] [  3%] Built target ament_cmake_python_copy_micro_ros_msgs
[0.075s] [ 23%] Built target micro_ros_msgs__rosidl_generator_c
[0.076s] [ 25%] Built target micro_ros_msgs__cpp
[0.097s] [ 41%] Built target micro_ros_msgs__rosidl_typesupport_c
[0.098s] [ 43%] Built target micro_ros_msgs__rosidl_typesupport_introspection_cpp
[0.098s] [ 52%] Built target micro_ros_msgs__rosidl_typesupport_introspection_c
[0.099s] [ 61%] Built target micro_ros_msgs__rosidl_typesupport_fastrtps_cpp
[0.100s] [ 70%] Built target micro_ros_msgs__rosidl_typesupport_fastrtps_c
[0.102s] [ 80%] Built target micro_ros_msgs__rosidl_typesupport_cpp
[0.121s] [ 80%] Built target micro_ros_msgs
[0.139s] [ 81%] Built target micro_ros_msgs__py
[0.157s] [ 89%] Built target micro_ros_msgs__rosidl_generator_py
[0.178s] [ 92%] Built target micro_ros_msgs_s__rosidl_typesupport_fastrtps_c
[0.178s] [ 96%] Built target micro_ros_msgs_s__rosidl_typesupport_c
[0.180s] [100%] Built target micro_ros_msgs_s__rosidl_typesupport_introspection_c
[0.243s] running egg_info
[0.254s] writing micro_ros_msgs.egg-info/PKG-INFO
[0.254s] writing dependency_links to micro_ros_msgs.egg-info/dependency_links.txt
[0.254s] writing top-level names to micro_ros_msgs.egg-info/top_level.txt
[0.286s] reading manifest file 'micro_ros_msgs.egg-info/SOURCES.txt'
[0.287s] writing manifest file 'micro_ros_msgs.egg-info/SOURCES.txt'
[0.312s] [100%] Built target ament_cmake_python_build_micro_ros_msgs_egg
[0.323s] Invoked command in '/home/ws/build/micro_ros_msgs' returned '0': CMAKE_PREFIX_PATH=${CMAKE_PREFIX_PATH}:/opt/ros/jazzy /usr/bin/cmake --build /home/ws/build/micro_ros_msgs -- -j16 -l16
[0.332s] Invoking command in '/home/ws/build/micro_ros_msgs': CMAKE_PREFIX_PATH=${CMAKE_PREFIX_PATH}:/opt/ros/jazzy /usr/bin/cmake --install /home/ws/build/micro_ros_msgs
[0.340s] -- Install configuration: ""
[0.340s] -- Up-to-date: /home/ws/install/micro_ros_msgs/share/ament_index/resource_index/rosidl_interfaces/micro_ros_msgs
[0.340s] -- Up-to-date: /home/ws/install/micro_ros_msgs/share/micro_ros_msgs/msg/Graph.json
[0.340s] -- Up-to-date: /home/ws/install/micro_ros_msgs/share/micro_ros_msgs/msg/Node.json
[0.340s] -- Up-to-date: /home/ws/install/micro_ros_msgs/share/micro_ros_msgs/msg/Entity.json
[0.340s] -- Up-to-date: /home/ws/install/micro_ros_msgs/include/micro_ros_msgs/micro_ros_msgs
[0.340s] -- Up-to-date: /home/ws/install/micro_ros_msgs/include/micro_ros_msgs/micro_ros_msgs/msg
[0.340s] -- Up-to-date: /home/ws/install/micro_ros_msgs/include/micro_ros_msgs/micro_ros_msgs/msg/detail
[0.340s] -- Up-to-date: /home/ws/install/micro_ros_msgs/include/micro_ros_msgs/micro_ros_msgs/msg/detail/entity__struct.h
[0.340s] -- Up-to-date: /home/ws/install/micro_ros_msgs/include/micro_ros_msgs/micro_ros_msgs/msg/detail/entity__functions.c
[0.340s] -- Up-to-date: /home/ws/install/micro_ros_msgs/include/micro_ros_msgs/micro_ros_msgs/msg/detail/graph__description.c
[0.341s] -- Up-to-date: /home/ws/install/micro_ros_msgs/include/micro_ros_msgs/micro_ros_msgs/msg/detail/node__description.c
[0.341s] -- Up-to-date: /home/ws/install/micro_ros_msgs/include/micro_ros_msgs/micro_ros_msgs/msg/detail/graph__type_support.c
[0.341s] -- Up-to-date: /home/ws/install/micro_ros_msgs/include/micro_ros_msgs/micro_ros_msgs/msg/detail/entity__description.c
[0.341s] -- Up-to-date: /home/ws/install/micro_ros_msgs/include/micro_ros_msgs/micro_ros_msgs/msg/detail/graph__struct.h
[0.341s] -- Up-to-date: /home/ws/install/micro_ros_msgs/include/micro_ros_msgs/micro_ros_msgs/msg/detail/node__struct.h
[0.341s] -- Up-to-date: /home/ws/install/micro_ros_msgs/include/micro_ros_msgs/micro_ros_msgs/msg/detail/node__functions.h
[0.341s] -- Up-to-date: /home/ws/install/micro_ros_msgs/include/micro_ros_msgs/micro_ros_msgs/msg/detail/entity__type_support.h
[0.341s] -- Up-to-date: /home/ws/install/micro_ros_msgs/include/micro_ros_msgs/micro_ros_msgs/msg/detail/entity__type_support.c
[0.341s] -- Up-to-date: /home/ws/install/micro_ros_msgs/include/micro_ros_msgs/micro_ros_msgs/msg/detail/node__functions.c
[0.341s] -- Up-to-date: /home/ws/install/micro_ros_msgs/include/micro_ros_msgs/micro_ros_msgs/msg/detail/graph__functions.c
[0.341s] -- Up-to-date: /home/ws/install/micro_ros_msgs/include/micro_ros_msgs/micro_ros_msgs/msg/detail/graph__type_support.h
[0.341s] -- Up-to-date: /home/ws/install/micro_ros_msgs/include/micro_ros_msgs/micro_ros_msgs/msg/detail/node__type_support.h
[0.341s] -- Up-to-date: /home/ws/install/micro_ros_msgs/include/micro_ros_msgs/micro_ros_msgs/msg/detail/node__type_support.c
[0.341s] -- Up-to-date: /home/ws/install/micro_ros_msgs/include/micro_ros_msgs/micro_ros_msgs/msg/detail/entity__functions.h
[0.341s] -- Up-to-date: /home/ws/install/micro_ros_msgs/include/micro_ros_msgs/micro_ros_msgs/msg/detail/graph__functions.h
[0.342s] -- Up-to-date: /home/ws/install/micro_ros_msgs/include/micro_ros_msgs/micro_ros_msgs/msg/entity.h
[0.342s] -- Up-to-date: /home/ws/install/micro_ros_msgs/include/micro_ros_msgs/micro_ros_msgs/msg/rosidl_generator_c__visibility_control.h
[0.342s] -- Up-to-date: /home/ws/install/micro_ros_msgs/include/micro_ros_msgs/micro_ros_msgs/msg/graph.h
[0.342s] -- Up-to-date: /home/ws/install/micro_ros_msgs/include/micro_ros_msgs/micro_ros_msgs/msg/node.h
[0.342s] -- Up-to-date: /home/ws/install/micro_ros_msgs/share/micro_ros_msgs/environment/library_path.sh
[0.342s] -- Up-to-date: /home/ws/install/micro_ros_msgs/share/micro_ros_msgs/environment/library_path.dsv
[0.342s] -- Up-to-date: /home/ws/install/micro_ros_msgs/lib/libmicro_ros_msgs__rosidl_generator_c.so
[0.342s] -- Up-to-date: /home/ws/install/micro_ros_msgs/include/micro_ros_msgs/micro_ros_msgs
[0.342s] -- Up-to-date: /home/ws/install/micro_ros_msgs/include/micro_ros_msgs/micro_ros_msgs/msg
[0.342s] -- Up-to-date: /home/ws/install/micro_ros_msgs/include/micro_ros_msgs/micro_ros_msgs/msg/detail
[0.342s] -- Up-to-date: /home/ws/install/micro_ros_msgs/include/micro_ros_msgs/micro_ros_msgs/msg/detail/graph__rosidl_typesupport_fastrtps_c.h
[0.342s] -- Up-to-date: /home/ws/install/micro_ros_msgs/include/micro_ros_msgs/micro_ros_msgs/msg/detail/entity__rosidl_typesupport_fastrtps_c.h
[0.342s] -- Up-to-date: /home/ws/install/micro_ros_msgs/include/micro_ros_msgs/micro_ros_msgs/msg/detail/node__rosidl_typesupport_fastrtps_c.h
[0.342s] -- Up-to-date: /home/ws/install/micro_ros_msgs/include/micro_ros_msgs/micro_ros_msgs/msg/rosidl_typesupport_fastrtps_c__visibility_control.h
[0.342s] -- Up-to-date: /home/ws/install/micro_ros_msgs/lib/libmicro_ros_msgs__rosidl_typesupport_fastrtps_c.so
[0.343s] -- Up-to-date: /home/ws/install/micro_ros_msgs/include/micro_ros_msgs/micro_ros_msgs
[0.343s] -- Up-to-date: /home/ws/install/micro_ros_msgs/include/micro_ros_msgs/micro_ros_msgs/msg
[0.343s] -- Up-to-date: /home/ws/install/micro_ros_msgs/include/micro_ros_msgs/micro_ros_msgs/msg/detail
[0.343s] -- Up-to-date: /home/ws/install/micro_ros_msgs/include/micro_ros_msgs/micro_ros_msgs/msg/detail/graph__type_support.c
[0.343s] -- Up-to-date: /home/ws/install/micro_ros_msgs/include/micro_ros_msgs/micro_ros_msgs/msg/detail/entity__rosidl_typesupport_introspection_c.h
[0.343s] -- Up-to-date: /home/ws/install/micro_ros_msgs/include/micro_ros_msgs/micro_ros_msgs/msg/detail/entity__type_support.c
[0.343s] -- Up-to-date: /home/ws/install/micro_ros_msgs/include/micro_ros_msgs/micro_ros_msgs/msg/detail/node__rosidl_typesupport_introspection_c.h
[0.343s] -- Up-to-date: /home/ws/install/micro_ros_msgs/include/micro_ros_msgs/micro_ros_msgs/msg/detail/graph__rosidl_typesupport_introspection_c.h
[0.343s] -- Up-to-date: /home/ws/install/micro_ros_msgs/include/micro_ros_msgs/micro_ros_msgs/msg/detail/node__type_support.c
[0.343s] -- Up-to-date: /home/ws/install/micro_ros_msgs/include/micro_ros_msgs/micro_ros_msgs/msg/rosidl_typesupport_introspection_c__visibility_control.h
[0.343s] -- Up-to-date: /home/ws/install/micro_ros_msgs/lib/libmicro_ros_msgs__rosidl_typesupport_introspection_c.so
[0.343s] -- Up-to-date: /home/ws/install/micro_ros_msgs/lib/libmicro_ros_msgs__rosidl_typesupport_c.so
[0.344s] -- Up-to-date: /home/ws/install/micro_ros_msgs/include/micro_ros_msgs/micro_ros_msgs
[0.344s] -- Up-to-date: /home/ws/install/micro_ros_msgs/include/micro_ros_msgs/micro_ros_msgs/msg
[0.344s] -- Up-to-date: /home/ws/install/micro_ros_msgs/include/micro_ros_msgs/micro_ros_msgs/msg/rosidl_generator_cpp__visibility_control.hpp
[0.344s] -- Up-to-date: /home/ws/install/micro_ros_msgs/include/micro_ros_msgs/micro_ros_msgs/msg/detail
[0.344s] -- Up-to-date: /home/ws/install/micro_ros_msgs/include/micro_ros_msgs/micro_ros_msgs/msg/detail/node__type_support.hpp
[0.344s] -- Up-to-date: /home/ws/install/micro_ros_msgs/include/micro_ros_msgs/micro_ros_msgs/msg/detail/entity__traits.hpp
[0.344s] -- Up-to-date: /home/ws/install/micro_ros_msgs/include/micro_ros_msgs/micro_ros_msgs/msg/detail/graph__builder.hpp
[0.344s] -- Up-to-date: /home/ws/install/micro_ros_msgs/include/micro_ros_msgs/micro_ros_msgs/msg/detail/entity__builder.hpp
[0.345s] -- Up-to-date: /home/ws/install/micro_ros_msgs/include/micro_ros_msgs/micro_ros_msgs/msg/detail/graph__traits.hpp
[0.345s] -- Up-to-date: /home/ws/install/micro_ros_msgs/include/micro_ros_msgs/micro_ros_msgs/msg/detail/node__struct.hpp
[0.345s] -- Up-to-date: /home/ws/install/micro_ros_msgs/include/micro_ros_msgs/micro_ros_msgs/msg/detail/graph__struct.hpp
[0.345s] -- Up-to-date: /home/ws/install/micro_ros_msgs/include/micro_ros_msgs/micro_ros_msgs/msg/detail/node__builder.hpp
[0.345s] -- Up-to-date: /home/ws/install/micro_ros_msgs/include/micro_ros_msgs/micro_ros_msgs/msg/detail/node__traits.hpp
[0.345s] -- Up-to-date: /home/ws/install/micro_ros_msgs/include/micro_ros_msgs/micro_ros_msgs/msg/detail/entity__struct.hpp
[0.345s] -- Up-to-date: /home/ws/install/micro_ros_msgs/include/micro_ros_msgs/micro_ros_msgs/msg/detail/entity__type_support.hpp
[0.345s] -- Up-to-date: /home/ws/install/micro_ros_msgs/include/micro_ros_msgs/micro_ros_msgs/msg/detail/graph__type_support.hpp
[0.345s] -- Up-to-date: /home/ws/install/micro_ros_msgs/include/micro_ros_msgs/micro_ros_msgs/msg/node.hpp
[0.345s] -- Up-to-date: /home/ws/install/micro_ros_msgs/include/micro_ros_msgs/micro_ros_msgs/msg/graph.hpp
[0.346s] -- Up-to-date: /home/ws/install/micro_ros_msgs/include/micro_ros_msgs/micro_ros_msgs/msg/entity.hpp
[0.346s] -- Up-to-date: /home/ws/install/micro_ros_msgs/include/micro_ros_msgs/micro_ros_msgs
[0.346s] -- Up-to-date: /home/ws/install/micro_ros_msgs/include/micro_ros_msgs/micro_ros_msgs/msg
[0.346s] -- Up-to-date: /home/ws/install/micro_ros_msgs/include/micro_ros_msgs/micro_ros_msgs/msg/detail
[0.346s] -- Up-to-date: /home/ws/install/micro_ros_msgs/include/micro_ros_msgs/micro_ros_msgs/msg/detail/entity__rosidl_typesupport_fastrtps_cpp.hpp
[0.346s] -- Up-to-date: /home/ws/install/micro_ros_msgs/include/micro_ros_msgs/micro_ros_msgs/msg/detail/graph__rosidl_typesupport_fastrtps_cpp.hpp
[0.346s] -- Up-to-date: /home/ws/install/micro_ros_msgs/include/micro_ros_msgs/micro_ros_msgs/msg/detail/node__rosidl_typesupport_fastrtps_cpp.hpp
[0.346s] -- Up-to-date: /home/ws/install/micro_ros_msgs/include/micro_ros_msgs/micro_ros_msgs/msg/detail/dds_fastrtps
[0.346s] -- Up-to-date: /home/ws/install/micro_ros_msgs/include/micro_ros_msgs/micro_ros_msgs/msg/rosidl_typesupport_fastrtps_cpp__visibility_control.h
[0.346s] -- Up-to-date: /home/ws/install/micro_ros_msgs/lib/libmicro_ros_msgs__rosidl_typesupport_fastrtps_cpp.so
[0.347s] -- Up-to-date: /home/ws/install/micro_ros_msgs/include/micro_ros_msgs/micro_ros_msgs
[0.347s] -- Up-to-date: /home/ws/install/micro_ros_msgs/include/micro_ros_msgs/micro_ros_msgs/msg
[0.347s] -- Up-to-date: /home/ws/install/micro_ros_msgs/include/micro_ros_msgs/micro_ros_msgs/msg/detail
[0.347s] -- Up-to-date: /home/ws/install/micro_ros_msgs/include/micro_ros_msgs/micro_ros_msgs/msg/detail/graph__rosidl_typesupport_introspection_cpp.hpp
[0.347s] -- Up-to-date: /home/ws/install/micro_ros_msgs/include/micro_ros_msgs/micro_ros_msgs/msg/detail/entity__rosidl_typesupport_introspection_cpp.hpp
[0.347s] -- Up-to-date: /home/ws/install/micro_ros_msgs/include/micro_ros_msgs/micro_ros_msgs/msg/detail/node__type_support.cpp
[0.347s] -- Up-to-date: /home/ws/install/micro_ros_msgs/include/micro_ros_msgs/micro_ros_msgs/msg/detail/node__rosidl_typesupport_introspection_cpp.hpp
[0.347s] -- Up-to-date: /home/ws/install/micro_ros_msgs/include/micro_ros_msgs/micro_ros_msgs/msg/detail/graph__type_support.cpp
[0.347s] -- Up-to-date: /home/ws/install/micro_ros_msgs/include/micro_ros_msgs/micro_ros_msgs/msg/detail/entity__type_support.cpp
[0.348s] -- Up-to-date: /home/ws/install/micro_ros_msgs/lib/libmicro_ros_msgs__rosidl_typesupport_introspection_cpp.so
[0.348s] -- Up-to-date: /home/ws/install/micro_ros_msgs/lib/libmicro_ros_msgs__rosidl_typesupport_cpp.so
[0.348s] -- Up-to-date: /home/ws/install/micro_ros_msgs/share/micro_ros_msgs/environment/pythonpath.sh
[0.348s] -- Up-to-date: /home/ws/install/micro_ros_msgs/share/micro_ros_msgs/environment/pythonpath.dsv
[0.348s] -- Up-to-date: /home/ws/install/micro_ros_msgs/lib/python3.12/site-packages/micro_ros_msgs-5.0.2-py3.12.egg-info
[0.348s] -- Installing: /home/ws/install/micro_ros_msgs/lib/python3.12/site-packages/micro_ros_msgs-5.0.2-py3.12.egg-info/PKG-INFO
[0.349s] -- Installing: /home/ws/install/micro_ros_msgs/lib/python3.12/site-packages/micro_ros_msgs-5.0.2-py3.12.egg-info/SOURCES.txt
[0.349s] -- Installing: /home/ws/install/micro_ros_msgs/lib/python3.12/site-packages/micro_ros_msgs-5.0.2-py3.12.egg-info/dependency_links.txt
[0.349s] -- Installing: /home/ws/install/micro_ros_msgs/lib/python3.12/site-packages/micro_ros_msgs-5.0.2-py3.12.egg-info/top_level.txt
[0.349s] -- Up-to-date: /home/ws/install/micro_ros_msgs/lib/python3.12/site-packages/micro_ros_msgs
[0.349s] -- Up-to-date: /home/ws/install/micro_ros_msgs/lib/python3.12/site-packages/micro_ros_msgs/__init__.py
[0.349s] -- Up-to-date: /home/ws/install/micro_ros_msgs/lib/python3.12/site-packages/micro_ros_msgs/micro_ros_msgs_s__rosidl_typesupport_fastrtps_c.so
[0.349s] -- Up-to-date: /home/ws/install/micro_ros_msgs/lib/python3.12/site-packages/micro_ros_msgs/micro_ros_msgs_s__rosidl_typesupport_introspection_c.so
[0.349s] -- Up-to-date: /home/ws/install/micro_ros_msgs/lib/python3.12/site-packages/micro_ros_msgs/micro_ros_msgs_s__rosidl_typesupport_c.so
[0.349s] -- Up-to-date: /home/ws/install/micro_ros_msgs/lib/python3.12/site-packages/micro_ros_msgs/_micro_ros_msgs_s.ep.rosidl_typesupport_c.c
[0.349s] -- Up-to-date: /home/ws/install/micro_ros_msgs/lib/python3.12/site-packages/micro_ros_msgs/msg
[0.350s] -- Up-to-date: /home/ws/install/micro_ros_msgs/lib/python3.12/site-packages/micro_ros_msgs/msg/_entity_s.c
[0.350s] -- Up-to-date: /home/ws/install/micro_ros_msgs/lib/python3.12/site-packages/micro_ros_msgs/msg/__init__.py
[0.350s] -- Up-to-date: /home/ws/install/micro_ros_msgs/lib/python3.12/site-packages/micro_ros_msgs/msg/_node.py
[0.350s] -- Up-to-date: /home/ws/install/micro_ros_msgs/lib/python3.12/site-packages/micro_ros_msgs/msg/_entity.py
[0.350s] -- Up-to-date: /home/ws/install/micro_ros_msgs/lib/python3.12/site-packages/micro_ros_msgs/msg/_node_s.c
[0.350s] -- Up-to-date: /home/ws/install/micro_ros_msgs/lib/python3.12/site-packages/micro_ros_msgs/msg/_graph.py
[0.350s] -- Up-to-date: /home/ws/install/micro_ros_msgs/lib/python3.12/site-packages/micro_ros_msgs/msg/_graph_s.c
[0.350s] -- Up-to-date: /home/ws/install/micro_ros_msgs/lib/python3.12/site-packages/micro_ros_msgs/_micro_ros_msgs_s.ep.rosidl_typesupport_introspection_c.c
[0.350s] -- Up-to-date: /home/ws/install/micro_ros_msgs/lib/python3.12/site-packages/micro_ros_msgs/_micro_ros_msgs_s.ep.rosidl_typesupport_fastrtps_c.c
[0.375s] Listing '/home/ws/install/micro_ros_msgs/lib/python3.12/site-packages/micro_ros_msgs'...
[0.375s] Listing '/home/ws/install/micro_ros_msgs/lib/python3.12/site-packages/micro_ros_msgs/msg'...
[0.380s] -- Up-to-date: /home/ws/install/micro_ros_msgs/lib/python3.12/site-packages/micro_ros_msgs/micro_ros_msgs_s__rosidl_typesupport_fastrtps_c.so
[0.380s] -- Up-to-date: /home/ws/install/micro_ros_msgs/lib/python3.12/site-packages/micro_ros_msgs/micro_ros_msgs_s__rosidl_typesupport_introspection_c.so
[0.380s] -- Up-to-date: /home/ws/install/micro_ros_msgs/lib/python3.12/site-packages/micro_ros_msgs/micro_ros_msgs_s__rosidl_typesupport_c.so
[0.380s] -- Up-to-date: /home/ws/install/micro_ros_msgs/lib/libmicro_ros_msgs__rosidl_generator_py.so
[0.380s] -- Up-to-date: /home/ws/install/micro_ros_msgs/share/micro_ros_msgs/rust
[0.380s] -- Up-to-date: /home/ws/install/micro_ros_msgs/share/micro_ros_msgs/rust/build.rs
[0.380s] -- Up-to-date: /home/ws/install/micro_ros_msgs/share/micro_ros_msgs/rust/src
[0.380s] -- Up-to-date: /home/ws/install/micro_ros_msgs/share/micro_ros_msgs/rust/src/lib.rs
[0.381s] -- Up-to-date: /home/ws/install/micro_ros_msgs/share/micro_ros_msgs/rust/src/msg
[0.381s] -- Up-to-date: /home/ws/install/micro_ros_msgs/share/micro_ros_msgs/rust/src/msg/rmw.rs
[0.381s] -- Up-to-date: /home/ws/install/micro_ros_msgs/share/micro_ros_msgs/rust/src/msg.rs
[0.381s] -- Up-to-date: /home/ws/install/micro_ros_msgs/share/micro_ros_msgs/rust/Cargo.toml
[0.381s] -- Up-to-date: /home/ws/install/micro_ros_msgs/share/micro_ros_msgs/msg/Graph.idl
[0.381s] -- Up-to-date: /home/ws/install/micro_ros_msgs/share/micro_ros_msgs/msg/Node.idl
[0.381s] -- Up-to-date: /home/ws/install/micro_ros_msgs/share/micro_ros_msgs/msg/Entity.idl
[0.381s] -- Up-to-date: /home/ws/install/micro_ros_msgs/share/micro_ros_msgs/msg/Graph.msg
[0.381s] -- Up-to-date: /home/ws/install/micro_ros_msgs/share/micro_ros_msgs/msg/Node.msg
[0.381s] -- Up-to-date: /home/ws/install/micro_ros_msgs/share/micro_ros_msgs/msg/Entity.msg
[0.382s] -- Up-to-date: /home/ws/install/micro_ros_msgs/share/ament_index/resource_index/package_run_dependencies/micro_ros_msgs
[0.382s] -- Up-to-date: /home/ws/install/micro_ros_msgs/share/ament_index/resource_index/parent_prefix_path/micro_ros_msgs
[0.382s] -- Up-to-date: /home/ws/install/micro_ros_msgs/share/micro_ros_msgs/environment/ament_prefix_path.sh
[0.382s] -- Up-to-date: /home/ws/install/micro_ros_msgs/share/micro_ros_msgs/environment/ament_prefix_path.dsv
[0.382s] -- Up-to-date: /home/ws/install/micro_ros_msgs/share/micro_ros_msgs/environment/path.sh
[0.382s] -- Up-to-date: /home/ws/install/micro_ros_msgs/share/micro_ros_msgs/environment/path.dsv
[0.382s] -- Up-to-date: /home/ws/install/micro_ros_msgs/share/micro_ros_msgs/local_setup.bash
[0.382s] -- Up-to-date: /home/ws/install/micro_ros_msgs/share/micro_ros_msgs/local_setup.sh
[0.382s] -- Up-to-date: /home/ws/install/micro_ros_msgs/share/micro_ros_msgs/local_setup.zsh
[0.383s] -- Up-to-date: /home/ws/install/micro_ros_msgs/share/micro_ros_msgs/local_setup.dsv
[0.383s] -- Installing: /home/ws/install/micro_ros_msgs/share/micro_ros_msgs/package.dsv
[0.383s] -- Up-to-date: /home/ws/install/micro_ros_msgs/share/ament_index/resource_index/packages/micro_ros_msgs
[0.383s] -- Up-to-date: /home/ws/install/micro_ros_msgs/share/micro_ros_msgs/cmake/export_micro_ros_msgs__rosidl_generator_cExport.cmake
[0.383s] -- Up-to-date: /home/ws/install/micro_ros_msgs/share/micro_ros_msgs/cmake/export_micro_ros_msgs__rosidl_generator_cExport-noconfig.cmake
[0.383s] -- Up-to-date: /home/ws/install/micro_ros_msgs/share/micro_ros_msgs/cmake/export_micro_ros_msgs__rosidl_typesupport_fastrtps_cExport.cmake
[0.383s] -- Up-to-date: /home/ws/install/micro_ros_msgs/share/micro_ros_msgs/cmake/export_micro_ros_msgs__rosidl_typesupport_fastrtps_cExport-noconfig.cmake
[0.383s] -- Up-to-date: /home/ws/install/micro_ros_msgs/share/micro_ros_msgs/cmake/micro_ros_msgs__rosidl_typesupport_introspection_cExport.cmake
[0.383s] -- Up-to-date: /home/ws/install/micro_ros_msgs/share/micro_ros_msgs/cmake/micro_ros_msgs__rosidl_typesupport_introspection_cExport-noconfig.cmake
[0.383s] -- Up-to-date: /home/ws/install/micro_ros_msgs/share/micro_ros_msgs/cmake/micro_ros_msgs__rosidl_typesupport_cExport.cmake
[0.383s] -- Up-to-date: /home/ws/install/micro_ros_msgs/share/micro_ros_msgs/cmake/micro_ros_msgs__rosidl_typesupport_cExport-noconfig.cmake
[0.384s] -- Up-to-date: /home/ws/install/micro_ros_msgs/share/micro_ros_msgs/cmake/export_micro_ros_msgs__rosidl_generator_cppExport.cmake
[0.384s] -- Up-to-date: /home/ws/install/micro_ros_msgs/share/micro_ros_msgs/cmake/export_micro_ros_msgs__rosidl_typesupport_fastrtps_cppExport.cmake
[0.384s] -- Up-to-date: /home/ws/install/micro_ros_msgs/share/micro_ros_msgs/cmake/export_micro_ros_msgs__rosidl_typesupport_fastrtps_cppExport-noconfig.cmake
[0.385s] -- Up-to-date: /home/ws/install/micro_ros_msgs/share/micro_ros_msgs/cmake/micro_ros_msgs__rosidl_typesupport_introspection_cppExport.cmake
[0.385s] -- Up-to-date: /home/ws/install/micro_ros_msgs/share/micro_ros_msgs/cmake/micro_ros_msgs__rosidl_typesupport_introspection_cppExport-noconfig.cmake
[0.385s] -- Up-to-date: /home/ws/install/micro_ros_msgs/share/micro_ros_msgs/cmake/micro_ros_msgs__rosidl_typesupport_cppExport.cmake
[0.385s] -- Up-to-date: /home/ws/install/micro_ros_msgs/share/micro_ros_msgs/cmake/micro_ros_msgs__rosidl_typesupport_cppExport-noconfig.cmake
[0.386s] -- Up-to-date: /home/ws/install/micro_ros_msgs/share/micro_ros_msgs/cmake/export_micro_ros_msgs__rosidl_generator_pyExport.cmake
[0.386s] -- Up-to-date: /home/ws/install/micro_ros_msgs/share/micro_ros_msgs/cmake/export_micro_ros_msgs__rosidl_generator_pyExport-noconfig.cmake
[0.386s] -- Up-to-date: /home/ws/install/micro_ros_msgs/share/micro_ros_msgs/cmake/rosidl_cmake-extras.cmake
[0.386s] -- Up-to-date: /home/ws/install/micro_ros_msgs/share/micro_ros_msgs/cmake/ament_cmake_export_include_directories-extras.cmake
[0.386s] -- Up-to-date: /home/ws/install/micro_ros_msgs/share/micro_ros_msgs/cmake/ament_cmake_export_libraries-extras.cmake
[0.386s] -- Up-to-date: /home/ws/install/micro_ros_msgs/share/micro_ros_msgs/cmake/ament_cmake_export_targets-extras.cmake
[0.387s] -- Up-to-date: /home/ws/install/micro_ros_msgs/share/micro_ros_msgs/cmake/rosidl_cmake_export_typesupport_targets-extras.cmake
[0.387s] -- Up-to-date: /home/ws/install/micro_ros_msgs/share/micro_ros_msgs/cmake/ament_cmake_export_dependencies-extras.cmake
[0.387s] -- Up-to-date: /home/ws/install/micro_ros_msgs/share/micro_ros_msgs/cmake/rosidl_cmake_export_typesupport_libraries-extras.cmake
[0.387s] -- Up-to-date: /home/ws/install/micro_ros_msgs/share/micro_ros_msgs/cmake/rosidl_cmake_aggregate_target-extras.cmake
[0.387s] -- Up-to-date: /home/ws/install/micro_ros_msgs/share/micro_ros_msgs/cmake/micro_ros_msgsConfig.cmake
[0.388s] -- Up-to-date: /home/ws/install/micro_ros_msgs/share/micro_ros_msgs/cmake/micro_ros_msgsConfig-version.cmake
[0.388s] -- Up-to-date: /home/ws/install/micro_ros_msgs/share/micro_ros_msgs/package.xml
[0.388s] Invoked command in '/home/ws/build/micro_ros_msgs' returned '0': CMAKE_PREFIX_PATH=${CMAKE_PREFIX_PATH}:/opt/ros/jazzy /usr/bin/cmake --install /home/ws/build/micro_ros_msgs
