[0.010s] Invoking command in '/home/ws/build/linorobot2_bringup': CMAKE_PREFIX_PATH=${CMAKE_PREFIX_PATH}:/opt/ros/jazzy /usr/bin/cmake /home/ws/src/linorobot2/linorobot2_bringup -DCMAKE_INSTALL_PREFIX=/home/ws/install/linorobot2_bringup
[0.057s] -- The C compiler identification is GNU 13.3.0
[0.105s] -- The CXX compiler identification is GNU 13.3.0
[0.117s] -- Detecting C compiler ABI info
[0.180s] -- Detecting C compiler ABI info - done
[0.187s] -- Check for working C compiler: /usr/bin/cc - skipped
[0.187s] -- Detecting C compile features
[0.187s] -- Detecting C compile features - done
[0.195s] -- Detecting CXX compiler ABI info
[0.263s] -- Detecting CXX compiler ABI info - done
[0.270s] -- Check for working CXX compiler: /usr/bin/c++ - skipped
[0.270s] -- Detecting CXX compile features
[0.270s] -- Detecting CXX compile features - done
[0.273s] -- Found ament_cmake: 2.5.6 (/opt/ros/jazzy/share/ament_cmake/cmake)
[0.373s] -- Found Python3: /usr/bin/python3 (found version "3.12.3") found components: Interpreter 
[0.589s] -- Configuring done (0.6s)
[0.591s] -- Generating done (0.0s)
[0.592s] -- Build files have been written to: /home/ws/build/linorobot2_bringup
[0.596s] Invoked command in '/home/ws/build/linorobot2_bringup' returned '0': CMAKE_PREFIX_PATH=${CMAKE_PREFIX_PATH}:/opt/ros/jazzy /usr/bin/cmake /home/ws/src/linorobot2/linorobot2_bringup -DCMAKE_INSTALL_PREFIX=/home/ws/install/linorobot2_bringup
[0.596s] Invoking command in '/home/ws/build/linorobot2_bringup': CMAKE_PREFIX_PATH=${CMAKE_PREFIX_PATH}:/opt/ros/jazzy /usr/bin/cmake --build /home/ws/build/linorobot2_bringup -- -j16 -l16
[0.620s] Invoked command in '/home/ws/build/linorobot2_bringup' returned '0': CMAKE_PREFIX_PATH=${CMAKE_PREFIX_PATH}:/opt/ros/jazzy /usr/bin/cmake --build /home/ws/build/linorobot2_bringup -- -j16 -l16
[0.621s] Invoking command in '/home/ws/build/linorobot2_bringup': CMAKE_PREFIX_PATH=${CMAKE_PREFIX_PATH}:/opt/ros/jazzy /usr/bin/cmake --install /home/ws/build/linorobot2_bringup
[0.625s] -- Install configuration: ""
[0.625s] -- Installing: /home/ws/install/linorobot2_bringup/share/linorobot2_bringup/launch
[0.625s] -- Installing: /home/ws/install/linorobot2_bringup/share/linorobot2_bringup/launch/depth.launch.py
[0.625s] -- Installing: /home/ws/install/linorobot2_bringup/share/linorobot2_bringup/launch/default_robot.launch.py
[0.625s] -- Installing: /home/ws/install/linorobot2_bringup/share/linorobot2_bringup/launch/extra.launch.py
[0.625s] -- Installing: /home/ws/install/linorobot2_bringup/share/linorobot2_bringup/launch/custom_robot.launch.py
[0.626s] -- Installing: /home/ws/install/linorobot2_bringup/share/linorobot2_bringup/launch/joy_teleop.launch.py
[0.626s] -- Installing: /home/ws/install/linorobot2_bringup/share/linorobot2_bringup/launch/lasers.launch.py
[0.626s] -- Installing: /home/ws/install/linorobot2_bringup/share/linorobot2_bringup/launch/sensors.launch.py
[0.626s] -- Installing: /home/ws/install/linorobot2_bringup/share/linorobot2_bringup/launch/bringup.launch.py
[0.626s] -- Installing: /home/ws/install/linorobot2_bringup/share/linorobot2_bringup/config
[0.626s] -- Installing: /home/ws/install/linorobot2_bringup/share/linorobot2_bringup/config/box_laser_filter.yaml
[0.626s] -- Installing: /home/ws/install/linorobot2_bringup/share/linorobot2_bringup/config/fake_laser.yaml
[0.626s] -- Installing: /home/ws/install/linorobot2_bringup/share/linorobot2_bringup/config/joy.yaml
[0.626s] -- Installing: /home/ws/install/linorobot2_bringup/share/linorobot2_bringup/config/zed_common.yaml
[0.626s] -- Installing: /home/ws/install/linorobot2_bringup/share/ament_index/resource_index/package_run_dependencies/linorobot2_bringup
[0.626s] -- Installing: /home/ws/install/linorobot2_bringup/share/ament_index/resource_index/parent_prefix_path/linorobot2_bringup
[0.626s] -- Installing: /home/ws/install/linorobot2_bringup/share/linorobot2_bringup/environment/ament_prefix_path.sh
[0.626s] -- Installing: /home/ws/install/linorobot2_bringup/share/linorobot2_bringup/environment/ament_prefix_path.dsv
[0.626s] -- Installing: /home/ws/install/linorobot2_bringup/share/linorobot2_bringup/environment/path.sh
[0.626s] -- Installing: /home/ws/install/linorobot2_bringup/share/linorobot2_bringup/environment/path.dsv
[0.626s] -- Installing: /home/ws/install/linorobot2_bringup/share/linorobot2_bringup/local_setup.bash
[0.626s] -- Installing: /home/ws/install/linorobot2_bringup/share/linorobot2_bringup/local_setup.sh
[0.626s] -- Installing: /home/ws/install/linorobot2_bringup/share/linorobot2_bringup/local_setup.zsh
[0.627s] -- Installing: /home/ws/install/linorobot2_bringup/share/linorobot2_bringup/local_setup.dsv
[0.627s] -- Installing: /home/ws/install/linorobot2_bringup/share/linorobot2_bringup/package.dsv
[0.627s] -- Installing: /home/ws/install/linorobot2_bringup/share/ament_index/resource_index/packages/linorobot2_bringup
[0.627s] -- Installing: /home/ws/install/linorobot2_bringup/share/linorobot2_bringup/cmake/linorobot2_bringupConfig.cmake
[0.627s] -- Installing: /home/ws/install/linorobot2_bringup/share/linorobot2_bringup/cmake/linorobot2_bringupConfig-version.cmake
[0.627s] -- Installing: /home/ws/install/linorobot2_bringup/share/linorobot2_bringup/package.xml
[0.628s] Invoked command in '/home/ws/build/linorobot2_bringup' returned '0': CMAKE_PREFIX_PATH=${CMAKE_PREFIX_PATH}:/opt/ros/jazzy /usr/bin/cmake --install /home/ws/build/linorobot2_bringup
