[0.007s] Invoking command in '/home/ws/build/linorobot2_bringup': AMENT_PREFIX_PATH=/home/ws/install/micro_ros_agent:/home/ws/install/micro_ros_msgs:${AMENT_PREFIX_PATH} CMAKE_PREFIX_PATH=/home/ws/install/micro_ros_agent:/home/ws/install/micro_ros_msgs:/opt/ros/jazzy/opt/gz_sim_vendor:/opt/ros/jazzy/opt/gz_sensors_vendor:/opt/ros/jazzy/opt/gz_physics_vendor:/opt/ros/jazzy/opt/sdformat_vendor:/opt/ros/jazzy/opt/gz_gui_vendor:/opt/ros/jazzy/opt/gz_transport_vendor:/opt/ros/jazzy/opt/gz_rendering_vendor:/opt/ros/jazzy/opt/gz_plugin_vendor:/opt/ros/jazzy/opt/gz_fuel_tools_vendor:/opt/ros/jazzy/opt/gz_msgs_vendor:/opt/ros/jazzy/opt/gz_common_vendor:/opt/ros/jazzy/opt/gz_math_vendor:/opt/ros/jazzy/opt/gz_utils_vendor:/opt/ros/jazzy/opt/gz_tools_vendor:/opt/ros/jazzy/opt/gz_ogre_next_vendor:/opt/ros/jazzy/opt/gz_dartsim_vendor:/opt/ros/jazzy/opt/gz_cmake_vendor:/opt/ros/jazzy LD_LIBRARY_PATH=/home/ws/install/micro_ros_agent/lib:/home/ws/install/micro_ros_msgs/lib:${LD_LIBRARY_PATH} PYTHONPATH=/home/ws/install/micro_ros_msgs/lib/python3.12/site-packages:${PYTHONPATH} /usr/bin/cmake --build /home/ws/build/linorobot2_bringup -- -j16 -l16
[0.037s] Invoked command in '/home/ws/build/linorobot2_bringup' returned '0': AMENT_PREFIX_PATH=/home/ws/install/micro_ros_agent:/home/ws/install/micro_ros_msgs:${AMENT_PREFIX_PATH} CMAKE_PREFIX_PATH=/home/ws/install/micro_ros_agent:/home/ws/install/micro_ros_msgs:/opt/ros/jazzy/opt/gz_sim_vendor:/opt/ros/jazzy/opt/gz_sensors_vendor:/opt/ros/jazzy/opt/gz_physics_vendor:/opt/ros/jazzy/opt/sdformat_vendor:/opt/ros/jazzy/opt/gz_gui_vendor:/opt/ros/jazzy/opt/gz_transport_vendor:/opt/ros/jazzy/opt/gz_rendering_vendor:/opt/ros/jazzy/opt/gz_plugin_vendor:/opt/ros/jazzy/opt/gz_fuel_tools_vendor:/opt/ros/jazzy/opt/gz_msgs_vendor:/opt/ros/jazzy/opt/gz_common_vendor:/opt/ros/jazzy/opt/gz_math_vendor:/opt/ros/jazzy/opt/gz_utils_vendor:/opt/ros/jazzy/opt/gz_tools_vendor:/opt/ros/jazzy/opt/gz_ogre_next_vendor:/opt/ros/jazzy/opt/gz_dartsim_vendor:/opt/ros/jazzy/opt/gz_cmake_vendor:/opt/ros/jazzy LD_LIBRARY_PATH=/home/ws/install/micro_ros_agent/lib:/home/ws/install/micro_ros_msgs/lib:${LD_LIBRARY_PATH} PYTHONPATH=/home/ws/install/micro_ros_msgs/lib/python3.12/site-packages:${PYTHONPATH} /usr/bin/cmake --build /home/ws/build/linorobot2_bringup -- -j16 -l16
[0.038s] Invoking command in '/home/ws/build/linorobot2_bringup': AMENT_PREFIX_PATH=/home/ws/install/micro_ros_agent:/home/ws/install/micro_ros_msgs:${AMENT_PREFIX_PATH} CMAKE_PREFIX_PATH=/home/ws/install/micro_ros_agent:/home/ws/install/micro_ros_msgs:/opt/ros/jazzy/opt/gz_sim_vendor:/opt/ros/jazzy/opt/gz_sensors_vendor:/opt/ros/jazzy/opt/gz_physics_vendor:/opt/ros/jazzy/opt/sdformat_vendor:/opt/ros/jazzy/opt/gz_gui_vendor:/opt/ros/jazzy/opt/gz_transport_vendor:/opt/ros/jazzy/opt/gz_rendering_vendor:/opt/ros/jazzy/opt/gz_plugin_vendor:/opt/ros/jazzy/opt/gz_fuel_tools_vendor:/opt/ros/jazzy/opt/gz_msgs_vendor:/opt/ros/jazzy/opt/gz_common_vendor:/opt/ros/jazzy/opt/gz_math_vendor:/opt/ros/jazzy/opt/gz_utils_vendor:/opt/ros/jazzy/opt/gz_tools_vendor:/opt/ros/jazzy/opt/gz_ogre_next_vendor:/opt/ros/jazzy/opt/gz_dartsim_vendor:/opt/ros/jazzy/opt/gz_cmake_vendor:/opt/ros/jazzy LD_LIBRARY_PATH=/home/ws/install/micro_ros_agent/lib:/home/ws/install/micro_ros_msgs/lib:${LD_LIBRARY_PATH} PYTHONPATH=/home/ws/install/micro_ros_msgs/lib/python3.12/site-packages:${PYTHONPATH} /usr/bin/cmake --install /home/ws/build/linorobot2_bringup
[0.045s] -- Install configuration: ""
[0.045s] -- Up-to-date: /home/ws/install/linorobot2_bringup/share/linorobot2_bringup/launch
[0.045s] -- Up-to-date: /home/ws/install/linorobot2_bringup/share/linorobot2_bringup/launch/depth.launch.py
[0.045s] -- Up-to-date: /home/ws/install/linorobot2_bringup/share/linorobot2_bringup/launch/default_robot.launch.py
[0.045s] -- Up-to-date: /home/ws/install/linorobot2_bringup/share/linorobot2_bringup/launch/extra.launch.py
[0.045s] -- Up-to-date: /home/ws/install/linorobot2_bringup/share/linorobot2_bringup/launch/custom_robot.launch.py
[0.045s] -- Up-to-date: /home/ws/install/linorobot2_bringup/share/linorobot2_bringup/launch/joy_teleop.launch.py
[0.045s] -- Up-to-date: /home/ws/install/linorobot2_bringup/share/linorobot2_bringup/launch/lasers.launch.py
[0.046s] -- Up-to-date: /home/ws/install/linorobot2_bringup/share/linorobot2_bringup/launch/sensors.launch.py
[0.046s] -- Up-to-date: /home/ws/install/linorobot2_bringup/share/linorobot2_bringup/launch/bringup.launch.py
[0.046s] -- Up-to-date: /home/ws/install/linorobot2_bringup/share/linorobot2_bringup/config
[0.046s] -- Up-to-date: /home/ws/install/linorobot2_bringup/share/linorobot2_bringup/config/box_laser_filter.yaml
[0.046s] -- Up-to-date: /home/ws/install/linorobot2_bringup/share/linorobot2_bringup/config/fake_laser.yaml
[0.046s] -- Up-to-date: /home/ws/install/linorobot2_bringup/share/linorobot2_bringup/config/joy.yaml
[0.046s] -- Up-to-date: /home/ws/install/linorobot2_bringup/share/linorobot2_bringup/config/zed_common.yaml
[0.046s] -- Up-to-date: /home/ws/install/linorobot2_bringup/share/ament_index/resource_index/package_run_dependencies/linorobot2_bringup
[0.046s] -- Up-to-date: /home/ws/install/linorobot2_bringup/share/ament_index/resource_index/parent_prefix_path/linorobot2_bringup
[0.046s] -- Up-to-date: /home/ws/install/linorobot2_bringup/share/linorobot2_bringup/environment/ament_prefix_path.sh
[0.046s] -- Up-to-date: /home/ws/install/linorobot2_bringup/share/linorobot2_bringup/environment/ament_prefix_path.dsv
[0.046s] -- Up-to-date: /home/ws/install/linorobot2_bringup/share/linorobot2_bringup/environment/path.sh
[0.046s] -- Up-to-date: /home/ws/install/linorobot2_bringup/share/linorobot2_bringup/environment/path.dsv
[0.046s] -- Up-to-date: /home/ws/install/linorobot2_bringup/share/linorobot2_bringup/local_setup.bash
[0.046s] -- Up-to-date: /home/ws/install/linorobot2_bringup/share/linorobot2_bringup/local_setup.sh
[0.046s] -- Up-to-date: /home/ws/install/linorobot2_bringup/share/linorobot2_bringup/local_setup.zsh
[0.046s] -- Up-to-date: /home/ws/install/linorobot2_bringup/share/linorobot2_bringup/local_setup.dsv
[0.046s] -- Installing: /home/ws/install/linorobot2_bringup/share/linorobot2_bringup/package.dsv
[0.047s] -- Up-to-date: /home/ws/install/linorobot2_bringup/share/ament_index/resource_index/packages/linorobot2_bringup
[0.047s] -- Up-to-date: /home/ws/install/linorobot2_bringup/share/linorobot2_bringup/cmake/linorobot2_bringupConfig.cmake
[0.047s] -- Up-to-date: /home/ws/install/linorobot2_bringup/share/linorobot2_bringup/cmake/linorobot2_bringupConfig-version.cmake
[0.047s] -- Up-to-date: /home/ws/install/linorobot2_bringup/share/linorobot2_bringup/package.xml
[0.047s] Invoked command in '/home/ws/build/linorobot2_bringup' returned '0': AMENT_PREFIX_PATH=/home/ws/install/micro_ros_agent:/home/ws/install/micro_ros_msgs:${AMENT_PREFIX_PATH} CMAKE_PREFIX_PATH=/home/ws/install/micro_ros_agent:/home/ws/install/micro_ros_msgs:/opt/ros/jazzy/opt/gz_sim_vendor:/opt/ros/jazzy/opt/gz_sensors_vendor:/opt/ros/jazzy/opt/gz_physics_vendor:/opt/ros/jazzy/opt/sdformat_vendor:/opt/ros/jazzy/opt/gz_gui_vendor:/opt/ros/jazzy/opt/gz_transport_vendor:/opt/ros/jazzy/opt/gz_rendering_vendor:/opt/ros/jazzy/opt/gz_plugin_vendor:/opt/ros/jazzy/opt/gz_fuel_tools_vendor:/opt/ros/jazzy/opt/gz_msgs_vendor:/opt/ros/jazzy/opt/gz_common_vendor:/opt/ros/jazzy/opt/gz_math_vendor:/opt/ros/jazzy/opt/gz_utils_vendor:/opt/ros/jazzy/opt/gz_tools_vendor:/opt/ros/jazzy/opt/gz_ogre_next_vendor:/opt/ros/jazzy/opt/gz_dartsim_vendor:/opt/ros/jazzy/opt/gz_cmake_vendor:/opt/ros/jazzy LD_LIBRARY_PATH=/home/ws/install/micro_ros_agent/lib:/home/ws/install/micro_ros_msgs/lib:${LD_LIBRARY_PATH} PYTHONPATH=/home/ws/install/micro_ros_msgs/lib/python3.12/site-packages:${PYTHONPATH} /usr/bin/cmake --install /home/ws/build/linorobot2_bringup
