[0.720s] Invoking command in '/home/ws/src/linorobot2/linorobot2_gazebo': PYTHONPATH=/home/ws/build/linorobot2_gazebo/prefix_override:/usr/lib/python3/dist-packages/colcon_core/task/python/colcon_distutils_commands:/home/ws/install/linorobot2_gazebo/lib/python3.12/site-packages:${PYTHONPATH} /usr/bin/python3 -W ignore:setup.py install is deprecated -W ignore:easy_install command is deprecated setup.py egg_info --egg-base ../../../build/linorobot2_gazebo build --build-base /home/ws/build/linorobot2_gazebo/build install --record /home/ws/build/linorobot2_gazebo/install.log --install-scripts $base/lib/linorobot2_gazebo --single-version-externally-managed install_data
[0.897s] running egg_info
[0.898s] creating ../../../build/linorobot2_gazebo/linorobot2_gazebo.egg-info
[0.910s] writing ../../../build/linorobot2_gazebo/linorobot2_gazebo.egg-info/PKG-INFO
[0.910s] writing dependency_links to ../../../build/linorobot2_gazebo/linorobot2_gazebo.egg-info/dependency_links.txt
[0.910s] writing entry points to ../../../build/linorobot2_gazebo/linorobot2_gazebo.egg-info/entry_points.txt
[0.911s] writing top-level names to ../../../build/linorobot2_gazebo/linorobot2_gazebo.egg-info/top_level.txt
[0.911s] writing manifest file '../../../build/linorobot2_gazebo/linorobot2_gazebo.egg-info/SOURCES.txt'
[0.939s] reading manifest file '../../../build/linorobot2_gazebo/linorobot2_gazebo.egg-info/SOURCES.txt'
[0.939s] writing manifest file '../../../build/linorobot2_gazebo/linorobot2_gazebo.egg-info/SOURCES.txt'
[0.939s] running build
[0.939s] running build_py
[0.939s] creating /home/ws/build/linorobot2_gazebo/build
[0.940s] creating /home/ws/build/linorobot2_gazebo/build/lib
[0.940s] creating /home/ws/build/linorobot2_gazebo/build/lib/linorobot2_gazebo
[0.940s] copying linorobot2_gazebo/__init__.py -> /home/ws/build/linorobot2_gazebo/build/lib/linorobot2_gazebo
[0.940s] copying linorobot2_gazebo/world_creator.py -> /home/ws/build/linorobot2_gazebo/build/lib/linorobot2_gazebo
[0.940s] copying linorobot2_gazebo/map_to_gazebo.py -> /home/ws/build/linorobot2_gazebo/build/lib/linorobot2_gazebo
[0.940s] copying linorobot2_gazebo/command_timeout.py -> /home/ws/build/linorobot2_gazebo/build/lib/linorobot2_gazebo
[0.940s] running install
[0.946s] running install_lib
[0.958s] creating /home/ws/install/linorobot2_gazebo/lib/python3.12/site-packages/linorobot2_gazebo
[0.958s] copying /home/ws/build/linorobot2_gazebo/build/lib/linorobot2_gazebo/__init__.py -> /home/ws/install/linorobot2_gazebo/lib/python3.12/site-packages/linorobot2_gazebo
[0.958s] copying /home/ws/build/linorobot2_gazebo/build/lib/linorobot2_gazebo/world_creator.py -> /home/ws/install/linorobot2_gazebo/lib/python3.12/site-packages/linorobot2_gazebo
[0.958s] copying /home/ws/build/linorobot2_gazebo/build/lib/linorobot2_gazebo/map_to_gazebo.py -> /home/ws/install/linorobot2_gazebo/lib/python3.12/site-packages/linorobot2_gazebo
[0.958s] copying /home/ws/build/linorobot2_gazebo/build/lib/linorobot2_gazebo/command_timeout.py -> /home/ws/install/linorobot2_gazebo/lib/python3.12/site-packages/linorobot2_gazebo
[0.959s] byte-compiling /home/ws/install/linorobot2_gazebo/lib/python3.12/site-packages/linorobot2_gazebo/__init__.py to __init__.cpython-312.pyc
[0.959s] byte-compiling /home/ws/install/linorobot2_gazebo/lib/python3.12/site-packages/linorobot2_gazebo/world_creator.py to world_creator.cpython-312.pyc
[0.965s] byte-compiling /home/ws/install/linorobot2_gazebo/lib/python3.12/site-packages/linorobot2_gazebo/map_to_gazebo.py to map_to_gazebo.cpython-312.pyc
[0.967s] byte-compiling /home/ws/install/linorobot2_gazebo/lib/python3.12/site-packages/linorobot2_gazebo/command_timeout.py to command_timeout.cpython-312.pyc
[0.967s] running install_data
[0.967s] copying resource/linorobot2_gazebo -> /home/ws/install/linorobot2_gazebo/share/ament_index/resource_index/packages
[0.967s] copying package.xml -> /home/ws/install/linorobot2_gazebo/share/linorobot2_gazebo
[0.967s] copying launch/gazebo.launch.py -> /home/ws/install/linorobot2_gazebo/share/linorobot2_gazebo/launch
[0.967s] copying worlds/playground.sdf -> /home/ws/install/linorobot2_gazebo/share/linorobot2_gazebo/worlds
[0.968s] copying worlds/turtlebot3_world.sdf -> /home/ws/install/linorobot2_gazebo/share/linorobot2_gazebo/worlds
[0.968s] copying rviz/view_urdf.rviz -> /home/ws/install/linorobot2_gazebo/share/linorobot2_gazebo/rviz
[0.968s] copying hook/linorobot2_gazebo.sh -> /home/ws/install/linorobot2_gazebo/share/linorobot2_gazebo/hook
[0.968s] creating /home/ws/install/linorobot2_gazebo/share/linorobot2_gazebo/models
[0.968s] creating /home/ws/install/linorobot2_gazebo/share/linorobot2_gazebo/models/turtlebot3_world
[0.968s] copying models/turtlebot3_world/model.config -> /home/ws/install/linorobot2_gazebo/share/linorobot2_gazebo/models/turtlebot3_world
[0.968s] copying models/turtlebot3_world/model-1_4.sdf -> /home/ws/install/linorobot2_gazebo/share/linorobot2_gazebo/models/turtlebot3_world
[0.968s] copying models/turtlebot3_world/model.sdf -> /home/ws/install/linorobot2_gazebo/share/linorobot2_gazebo/models/turtlebot3_world
[0.968s] creating /home/ws/install/linorobot2_gazebo/share/linorobot2_gazebo/models/turtlebot3_world/meshes
[0.968s] copying models/turtlebot3_world/meshes/hexagon.dae -> /home/ws/install/linorobot2_gazebo/share/linorobot2_gazebo/models/turtlebot3_world/meshes
[0.968s] copying models/turtlebot3_world/meshes/wall.dae -> /home/ws/install/linorobot2_gazebo/share/linorobot2_gazebo/models/turtlebot3_world/meshes
[0.968s] running install_egg_info
[0.981s] Copying ../../../build/linorobot2_gazebo/linorobot2_gazebo.egg-info to /home/ws/install/linorobot2_gazebo/lib/python3.12/site-packages/linorobot2_gazebo-0.0.0-py3.12.egg-info
[0.981s] running install_scripts
[1.063s] Installing command_timeout script to /home/ws/install/linorobot2_gazebo/lib/linorobot2_gazebo
[1.063s] Installing world_creator script to /home/ws/install/linorobot2_gazebo/lib/linorobot2_gazebo
[1.063s] writing list of installed files to '/home/ws/build/linorobot2_gazebo/install.log'
[1.081s] Invoked command in '/home/ws/src/linorobot2/linorobot2_gazebo' returned '0': PYTHONPATH=/home/ws/build/linorobot2_gazebo/prefix_override:/usr/lib/python3/dist-packages/colcon_core/task/python/colcon_distutils_commands:/home/ws/install/linorobot2_gazebo/lib/python3.12/site-packages:${PYTHONPATH} /usr/bin/python3 -W ignore:setup.py install is deprecated -W ignore:easy_install command is deprecated setup.py egg_info --egg-base ../../../build/linorobot2_gazebo build --build-base /home/ws/build/linorobot2_gazebo/build install --record /home/ws/build/linorobot2_gazebo/install.log --install-scripts $base/lib/linorobot2_gazebo --single-version-externally-managed install_data
