[0.016s] Invoking command in '/home/ws/build/linorobot2_description': CMAKE_PREFIX_PATH=${CMAKE_PREFIX_PATH}:/opt/ros/jazzy /usr/bin/cmake --build /home/ws/build/linorobot2_description -- -j16 -l16
[0.220s] -- Found ament_cmake: 2.5.6 (/opt/ros/jazzy/share/ament_cmake/cmake)
[0.222s] -- Found urdf: 2.10.1 (/opt/ros/jazzy/share/urdf/cmake)
[0.238s] -- Found TinyXML2 via Config file: /usr/lib/x86_64-linux-gnu/cmake/tinyxml2
[0.345s] -- Configuring done (0.3s)
[0.347s] -- Generating done (0.0s)
[0.348s] -- Build files have been written to: /home/ws/build/linorobot2_description
[0.401s] Invoked command in '/home/ws/build/linorobot2_description' returned '0': CMAKE_PREFIX_PATH=${CMAKE_PREFIX_PATH}:/opt/ros/jazzy /usr/bin/cmake --build /home/ws/build/linorobot2_description -- -j16 -l16
[0.402s] Invoking command in '/home/ws/build/linorobot2_description': CMAKE_PREFIX_PATH=${CMAKE_PREFIX_PATH}:/opt/ros/jazzy /usr/bin/cmake --install /home/ws/build/linorobot2_description
[0.409s] -- Install configuration: ""
[0.409s] -- Up-to-date: /home/ws/install/linorobot2_description/share/linorobot2_description/launch
[0.409s] -- Installing: /home/ws/install/linorobot2_description/share/linorobot2_description/launch/description.launch.py
[0.409s] -- Installing: /home/ws/install/linorobot2_description/share/linorobot2_description/launch/visualize.launch.py
[0.409s] -- Up-to-date: /home/ws/install/linorobot2_description/share/linorobot2_description/urdf
[0.409s] -- Up-to-date: /home/ws/install/linorobot2_description/share/linorobot2_description/urdf/sensors
[0.409s] -- Installing: /home/ws/install/linorobot2_description/share/linorobot2_description/urdf/sensors/plugins.urdf.xacro
[0.410s] -- Installing: /home/ws/install/linorobot2_description/share/linorobot2_description/urdf/sensors/laser.urdf.xacro
[0.410s] -- Installing: /home/ws/install/linorobot2_description/share/linorobot2_description/urdf/sensors/depth_sensor.urdf.xacro
[0.410s] -- Installing: /home/ws/install/linorobot2_description/share/linorobot2_description/urdf/sensors/generic_laser.urdf.xacro
[0.410s] -- Installing: /home/ws/install/linorobot2_description/share/linorobot2_description/urdf/sensors/imu.urdf.xacro
[0.410s] -- Installing: /home/ws/install/linorobot2_description/share/linorobot2_description/urdf/mecanum_properties.urdf.xacro
[0.410s] -- Up-to-date: /home/ws/install/linorobot2_description/share/linorobot2_description/urdf/robots
[0.410s] -- Installing: /home/ws/install/linorobot2_description/share/linorobot2_description/urdf/robots/mecanum.urdf.xacro
[0.410s] -- Installing: /home/ws/install/linorobot2_description/share/linorobot2_description/urdf/robots/4wd.urdf.xacro
[0.410s] -- Installing: /home/ws/install/linorobot2_description/share/linorobot2_description/urdf/robots/2wd.urdf.xacro
[0.410s] -- Installing: /home/ws/install/linorobot2_description/share/linorobot2_description/urdf/robots/vattenkar.urdf.xacro
[0.410s] -- Installing: /home/ws/install/linorobot2_description/share/linorobot2_description/urdf/4wd_properties.urdf.xacro
[0.410s] -- Up-to-date: /home/ws/install/linorobot2_description/share/linorobot2_description/urdf/mech
[0.410s] -- Installing: /home/ws/install/linorobot2_description/share/linorobot2_description/urdf/mech/wheel.urdf.xacro
[0.410s] -- Installing: /home/ws/install/linorobot2_description/share/linorobot2_description/urdf/mech/caster_wheel.urdf.xacro
[0.410s] -- Installing: /home/ws/install/linorobot2_description/share/linorobot2_description/urdf/mech/mecanum_wheel.urdf.xacro
[0.410s] -- Installing: /home/ws/install/linorobot2_description/share/linorobot2_description/urdf/mech/base.urdf.xacro
[0.410s] -- Up-to-date: /home/ws/install/linorobot2_description/share/linorobot2_description/urdf/controllers
[0.411s] -- Installing: /home/ws/install/linorobot2_description/share/linorobot2_description/urdf/controllers/omni_drive.urdf.xacro
[0.411s] -- Installing: /home/ws/install/linorobot2_description/share/linorobot2_description/urdf/controllers/skid_steer.urdf.xacro
[0.411s] -- Installing: /home/ws/install/linorobot2_description/share/linorobot2_description/urdf/controllers/diff_drive.urdf.xacro
[0.411s] -- Installing: /home/ws/install/linorobot2_description/share/linorobot2_description/urdf/2wd_properties.urdf.xacro
[0.411s] -- Up-to-date: /home/ws/install/linorobot2_description/share/linorobot2_description/rviz
[0.411s] -- Installing: /home/ws/install/linorobot2_description/share/linorobot2_description/rviz/description.rviz
[0.411s] -- Installing: /home/ws/install/linorobot2_description/share/linorobot2_description/meshes
[0.411s] -- Installing: /home/ws/install/linorobot2_description/share/linorobot2_description/meshes/tire.dae
[0.411s] -- Installing: /home/ws/install/linorobot2_description/share/linorobot2_description/meshes/base.dae
[0.415s] -- Installing: /home/ws/install/linorobot2_description/share/ament_index/resource_index/package_run_dependencies/linorobot2_description
[0.415s] -- Up-to-date: /home/ws/install/linorobot2_description/share/ament_index/resource_index/parent_prefix_path/linorobot2_description
[0.415s] -- Up-to-date: /home/ws/install/linorobot2_description/share/linorobot2_description/environment/ament_prefix_path.sh
[0.415s] -- Up-to-date: /home/ws/install/linorobot2_description/share/linorobot2_description/environment/ament_prefix_path.dsv
[0.415s] -- Up-to-date: /home/ws/install/linorobot2_description/share/linorobot2_description/environment/path.sh
[0.415s] -- Up-to-date: /home/ws/install/linorobot2_description/share/linorobot2_description/environment/path.dsv
[0.415s] -- Up-to-date: /home/ws/install/linorobot2_description/share/linorobot2_description/local_setup.bash
[0.415s] -- Up-to-date: /home/ws/install/linorobot2_description/share/linorobot2_description/local_setup.sh
[0.415s] -- Up-to-date: /home/ws/install/linorobot2_description/share/linorobot2_description/local_setup.zsh
[0.416s] -- Up-to-date: /home/ws/install/linorobot2_description/share/linorobot2_description/local_setup.dsv
[0.416s] -- Installing: /home/ws/install/linorobot2_description/share/linorobot2_description/package.dsv
[0.416s] -- Up-to-date: /home/ws/install/linorobot2_description/share/ament_index/resource_index/packages/linorobot2_description
[0.416s] -- Up-to-date: /home/ws/install/linorobot2_description/share/linorobot2_description/cmake/linorobot2_descriptionConfig.cmake
[0.416s] -- Up-to-date: /home/ws/install/linorobot2_description/share/linorobot2_description/cmake/linorobot2_descriptionConfig-version.cmake
[0.416s] -- Installing: /home/ws/install/linorobot2_description/share/linorobot2_description/package.xml
[0.431s] Invoked command in '/home/ws/build/linorobot2_description' returned '0': CMAKE_PREFIX_PATH=${CMAKE_PREFIX_PATH}:/opt/ros/jazzy /usr/bin/cmake --install /home/ws/build/linorobot2_description
