[0.649s] Invoking command in '/home/ws/src/linorobot2/linorobot2_gazebo': PYTHONPATH=/home/ws/build/linorobot2_gazebo/prefix_override:/usr/lib/python3/dist-packages/colcon_core/task/python/colcon_distutils_commands:/home/ws/install/linorobot2_gazebo/lib/python3.12/site-packages:${PYTHONPATH} /usr/bin/python3 -W ignore:setup.py install is deprecated -W ignore:easy_install command is deprecated setup.py egg_info --egg-base ../../../build/linorobot2_gazebo build --build-base /home/ws/build/linorobot2_gazebo/build install --record /home/ws/build/linorobot2_gazebo/install.log --install-scripts $base/lib/linorobot2_gazebo --single-version-externally-managed install_data
[0.810s] running egg_info
[0.820s] writing ../../../build/linorobot2_gazebo/linorobot2_gazebo.egg-info/PKG-INFO
[0.820s] writing dependency_links to ../../../build/linorobot2_gazebo/linorobot2_gazebo.egg-info/dependency_links.txt
[0.820s] writing entry points to ../../../build/linorobot2_gazebo/linorobot2_gazebo.egg-info/entry_points.txt
[0.820s] writing top-level names to ../../../build/linorobot2_gazebo/linorobot2_gazebo.egg-info/top_level.txt
[0.840s] reading manifest file '../../../build/linorobot2_gazebo/linorobot2_gazebo.egg-info/SOURCES.txt'
[0.841s] writing manifest file '../../../build/linorobot2_gazebo/linorobot2_gazebo.egg-info/SOURCES.txt'
[0.841s] running build
[0.841s] running build_py
[0.841s] running install
[0.846s] running install_lib
[0.856s] running install_data
[0.856s] running install_egg_info
[0.867s] removing '/home/ws/install/linorobot2_gazebo/lib/python3.12/site-packages/linorobot2_gazebo-0.0.0-py3.12.egg-info' (and everything under it)
[0.867s] Copying ../../../build/linorobot2_gazebo/linorobot2_gazebo.egg-info to /home/ws/install/linorobot2_gazebo/lib/python3.12/site-packages/linorobot2_gazebo-0.0.0-py3.12.egg-info
[0.867s] running install_scripts
[0.939s] Installing command_timeout script to /home/ws/install/linorobot2_gazebo/lib/linorobot2_gazebo
[0.939s] Installing world_creator script to /home/ws/install/linorobot2_gazebo/lib/linorobot2_gazebo
[0.939s] writing list of installed files to '/home/ws/build/linorobot2_gazebo/install.log'
[0.955s] Invoked command in '/home/ws/src/linorobot2/linorobot2_gazebo' returned '0': PYTHONPATH=/home/ws/build/linorobot2_gazebo/prefix_override:/usr/lib/python3/dist-packages/colcon_core/task/python/colcon_distutils_commands:/home/ws/install/linorobot2_gazebo/lib/python3.12/site-packages:${PYTHONPATH} /usr/bin/python3 -W ignore:setup.py install is deprecated -W ignore:easy_install command is deprecated setup.py egg_info --egg-base ../../../build/linorobot2_gazebo build --build-base /home/ws/build/linorobot2_gazebo/build install --record /home/ws/build/linorobot2_gazebo/install.log --install-scripts $base/lib/linorobot2_gazebo --single-version-externally-managed install_data
