[0.009s] Invoking command in '/home/ws/build/micro_ros_msgs': CMAKE_PREFIX_PATH=${CMAKE_PREFIX_PATH}:/opt/ros/jazzy /usr/bin/cmake /home/ws/src/micro_ros_msgs -DCMAKE_INSTALL_PREFIX=/home/ws/install/micro_ros_msgs
[0.083s] -- The C compiler identification is GNU 13.3.0
[0.152s] -- The CXX compiler identification is GNU 13.3.0
[0.165s] -- Detecting C compiler ABI info
[0.228s] -- Detecting C compiler ABI info - done
[0.234s] -- Check for working C compiler: /usr/bin/cc - skipped
[0.235s] -- Detecting C compile features
[0.235s] -- Detecting C compile features - done
[0.242s] -- Detecting CXX compiler ABI info
[0.304s] -- Detecting CXX compiler ABI info - done
[0.311s] -- Check for working CXX compiler: /usr/bin/c++ - skipped
[0.311s] -- Detecting CXX compile features
[0.311s] -- Detecting CXX compile features - done
[0.315s] -- Found ament_cmake: 2.5.6 (/opt/ros/jazzy/share/ament_cmake/cmake)
[0.390s] -- Found Python3: /usr/bin/python3 (found version "3.12.3") found components: Interpreter 
[0.471s] -- Found rosidl_default_generators: 1.6.1 (/opt/ros/jazzy/share/rosidl_default_generators/cmake)
[0.478s] -- Using all available rosidl_typesupport_c: rosidl_typesupport_fastrtps_c;rosidl_typesupport_introspection_c
[0.524s] -- Using all available rosidl_typesupport_cpp: rosidl_typesupport_fastrtps_cpp;rosidl_typesupport_introspection_cpp
[0.563s] -- Found rosidl_adapter: 4.6.9 (/opt/ros/jazzy/share/rosidl_adapter/cmake)
[0.566s] -- Found ament_lint_auto: 0.17.5 (/opt/ros/jazzy/share/ament_lint_auto/cmake)
[0.923s] -- Found ament_cmake_ros: 0.12.1 (/opt/ros/jazzy/share/ament_cmake_ros/cmake)
[1.149s] -- Using all available rosidl_typesupport_c: rosidl_typesupport_fastrtps_c;rosidl_typesupport_introspection_c
[1.483s] -- Using all available rosidl_typesupport_cpp: rosidl_typesupport_fastrtps_cpp;rosidl_typesupport_introspection_cpp
[1.485s] -- Found python_cmake_module: 0.11.1 (/opt/ros/jazzy/share/python_cmake_module/cmake)
[1.560s] -- Found PythonExtra: /usr/bin/python3  
[1.871s] -- Found Python3: /usr/bin/python3 (found version "3.12.3") found components: Interpreter Development NumPy Development.Module Development.Embed 
[1.909s] -- Found Python3: /usr/bin/python3 (found version "3.12.3") found components: Interpreter 
[1.912s] -- Added test 'copyright' to check source files copyright and LICENSE
[1.917s] -- Added test 'lint_cmake' to check CMake code style
[1.920s] -- Added test 'xmllint' to check XML markup files
[1.925s] -- Configuring done (1.9s)
[1.952s] -- Generating done (0.0s)
[1.960s] -- Build files have been written to: /home/ws/build/micro_ros_msgs
[1.965s] Invoked command in '/home/ws/build/micro_ros_msgs' returned '0': CMAKE_PREFIX_PATH=${CMAKE_PREFIX_PATH}:/opt/ros/jazzy /usr/bin/cmake /home/ws/src/micro_ros_msgs -DCMAKE_INSTALL_PREFIX=/home/ws/install/micro_ros_msgs
[1.966s] Invoking command in '/home/ws/build/micro_ros_msgs': CMAKE_PREFIX_PATH=${CMAKE_PREFIX_PATH}:/opt/ros/jazzy /usr/bin/cmake --build /home/ws/build/micro_ros_msgs -- -j16 -l16
[1.999s] [  1%] [34m[1mGenerating type hashes for ROS interfaces[0m
[1.999s] [  3%] [34m[1mGenerating Rust code for ROS interfaces[0m
[2.003s] [  3%] Built target ament_cmake_python_copy_micro_ros_msgs
[2.138s] running egg_info
[2.139s] creating micro_ros_msgs.egg-info
[2.148s] writing micro_ros_msgs.egg-info/PKG-INFO
[2.149s] writing dependency_links to micro_ros_msgs.egg-info/dependency_links.txt
[2.149s] writing top-level names to micro_ros_msgs.egg-info/top_level.txt
[2.149s] writing manifest file 'micro_ros_msgs.egg-info/SOURCES.txt'
[2.176s] [  3%] Built target micro_ros_msgs__rosidl_generator_type_description
[2.177s] reading manifest file 'micro_ros_msgs.egg-info/SOURCES.txt'
[2.177s] writing manifest file 'micro_ros_msgs.egg-info/SOURCES.txt'
[2.183s] [  5%] [34m[1mGenerating C code for ROS interfaces[0m
[2.189s] [  7%] [34m[1mGenerating C++ code for ROS interfaces[0m
[2.189s] [  7%] Built target micro_ros_msgs__rs
[2.197s] [  7%] Built target ament_cmake_python_build_micro_ros_msgs_egg
[2.427s] [  7%] Built target micro_ros_msgs__cpp
[2.467s] [ 18%] [32mBuilding C object CMakeFiles/micro_ros_msgs__rosidl_generator_c.dir/rosidl_generator_c/micro_ros_msgs/msg/detail/node__type_support.c.o[0m
[2.467s] [ 18%] [32mBuilding C object CMakeFiles/micro_ros_msgs__rosidl_generator_c.dir/rosidl_generator_c/micro_ros_msgs/msg/detail/entity__description.c.o[0m
[2.467s] [ 18%] [32mBuilding C object CMakeFiles/micro_ros_msgs__rosidl_generator_c.dir/rosidl_generator_c/micro_ros_msgs/msg/detail/graph__type_support.c.o[0m
[2.467s] [ 18%] [32mBuilding C object CMakeFiles/micro_ros_msgs__rosidl_generator_c.dir/rosidl_generator_c/micro_ros_msgs/msg/detail/graph__description.c.o[0m
[2.467s] [ 18%] [32mBuilding C object CMakeFiles/micro_ros_msgs__rosidl_generator_c.dir/rosidl_generator_c/micro_ros_msgs/msg/detail/node__description.c.o[0m
[2.467s] [ 18%] [32mBuilding C object CMakeFiles/micro_ros_msgs__rosidl_generator_c.dir/rosidl_generator_c/micro_ros_msgs/msg/detail/node__functions.c.o[0m
[2.467s] [ 20%] [32mBuilding C object CMakeFiles/micro_ros_msgs__rosidl_generator_c.dir/rosidl_generator_c/micro_ros_msgs/msg/detail/entity__functions.c.o[0m
[2.468s] [ 21%] [32mBuilding C object CMakeFiles/micro_ros_msgs__rosidl_generator_c.dir/rosidl_generator_c/micro_ros_msgs/msg/detail/graph__functions.c.o[0m
[2.469s] [ 23%] [32mBuilding C object CMakeFiles/micro_ros_msgs__rosidl_generator_c.dir/rosidl_generator_c/micro_ros_msgs/msg/detail/entity__type_support.c.o[0m
[2.504s] [ 25%] [32m[1mLinking C shared library libmicro_ros_msgs__rosidl_generator_c.so[0m
[2.529s] [ 25%] Built target micro_ros_msgs__rosidl_generator_c
[2.535s] [ 36%] [34m[1mGenerating C++ introspection for ROS interfaces[0m
[2.535s] [ 36%] [34m[1mGenerating C introspection for ROS interfaces[0m
[2.535s] [ 36%] [34m[1mGenerating C type support dispatch for ROS interfaces[0m
[2.535s] [ 36%] [34m[1mGenerating C type support for eProsima Fast-RTPS[0m
[2.535s] [ 36%] [34m[1mGenerating C++ type support for eProsima Fast-RTPS[0m
[2.535s] [ 36%] [34m[1mGenerating C++ type support dispatch for ROS interfaces[0m
[2.760s] [ 40%] [32mBuilding CXX object CMakeFiles/micro_ros_msgs__rosidl_typesupport_c.dir/rosidl_typesupport_c/micro_ros_msgs/msg/graph__type_support.cpp.o[0m
[2.760s] [ 40%] [32mBuilding CXX object CMakeFiles/micro_ros_msgs__rosidl_typesupport_c.dir/rosidl_typesupport_c/micro_ros_msgs/msg/entity__type_support.cpp.o[0m
[2.760s] [ 41%] [32mBuilding CXX object CMakeFiles/micro_ros_msgs__rosidl_typesupport_c.dir/rosidl_typesupport_c/micro_ros_msgs/msg/node__type_support.cpp.o[0m
[2.769s] [ 43%] [32mBuilding CXX object CMakeFiles/micro_ros_msgs__rosidl_typesupport_cpp.dir/rosidl_typesupport_cpp/micro_ros_msgs/msg/graph__type_support.cpp.o[0m
[2.770s] [ 45%] [32mBuilding CXX object CMakeFiles/micro_ros_msgs__rosidl_typesupport_cpp.dir/rosidl_typesupport_cpp/micro_ros_msgs/msg/node__type_support.cpp.o[0m
[2.770s] [ 47%] [32mBuilding CXX object CMakeFiles/micro_ros_msgs__rosidl_typesupport_cpp.dir/rosidl_typesupport_cpp/micro_ros_msgs/msg/entity__type_support.cpp.o[0m
[2.779s] [ 50%] [32mBuilding CXX object CMakeFiles/micro_ros_msgs__rosidl_typesupport_introspection_cpp.dir/rosidl_typesupport_introspection_cpp/micro_ros_msgs/msg/detail/graph__type_support.cpp.o[0m
[2.779s] [ 50%] [32mBuilding C object CMakeFiles/micro_ros_msgs__rosidl_typesupport_introspection_c.dir/rosidl_typesupport_introspection_c/micro_ros_msgs/msg/detail/node__type_support.c.o[0m
[2.779s] [ 58%] [32mBuilding CXX object CMakeFiles/micro_ros_msgs__rosidl_typesupport_introspection_cpp.dir/rosidl_typesupport_introspection_cpp/micro_ros_msgs/msg/detail/entity__type_support.cpp.o[0m
[2.779s] [ 58%] [32mBuilding C object CMakeFiles/micro_ros_msgs__rosidl_typesupport_introspection_c.dir/rosidl_typesupport_introspection_c/micro_ros_msgs/msg/detail/graph__type_support.c.o[0m
[2.779s] [ 58%] [32mBuilding CXX object CMakeFiles/micro_ros_msgs__rosidl_typesupport_introspection_cpp.dir/rosidl_typesupport_introspection_cpp/micro_ros_msgs/msg/detail/node__type_support.cpp.o[0m
[2.779s] [ 58%] [32mBuilding C object CMakeFiles/micro_ros_msgs__rosidl_typesupport_introspection_c.dir/rosidl_typesupport_introspection_c/micro_ros_msgs/msg/detail/entity__type_support.c.o[0m
[2.810s] [ 60%] [32m[1mLinking CXX shared library libmicro_ros_msgs__rosidl_typesupport_c.so[0m
[2.827s] [ 61%] [32mBuilding CXX object CMakeFiles/micro_ros_msgs__rosidl_typesupport_fastrtps_cpp.dir/rosidl_typesupport_fastrtps_cpp/micro_ros_msgs/msg/detail/dds_fastrtps/entity__type_support.cpp.o[0m
[2.827s] [ 63%] [32mBuilding CXX object CMakeFiles/micro_ros_msgs__rosidl_typesupport_fastrtps_cpp.dir/rosidl_typesupport_fastrtps_cpp/micro_ros_msgs/msg/detail/dds_fastrtps/graph__type_support.cpp.o[0m
[2.827s] [ 65%] [32mBuilding CXX object CMakeFiles/micro_ros_msgs__rosidl_typesupport_fastrtps_cpp.dir/rosidl_typesupport_fastrtps_cpp/micro_ros_msgs/msg/detail/dds_fastrtps/node__type_support.cpp.o[0m
[2.830s] [ 67%] [32m[1mLinking C shared library libmicro_ros_msgs__rosidl_typesupport_introspection_c.so[0m
[2.858s] [ 67%] Built target micro_ros_msgs__rosidl_typesupport_c
[2.864s] [ 69%] [32mBuilding CXX object CMakeFiles/micro_ros_msgs__rosidl_typesupport_fastrtps_c.dir/rosidl_typesupport_fastrtps_c/micro_ros_msgs/msg/detail/graph__type_support_c.cpp.o[0m
[2.864s] [ 70%] [32mBuilding CXX object CMakeFiles/micro_ros_msgs__rosidl_typesupport_fastrtps_c.dir/rosidl_typesupport_fastrtps_c/micro_ros_msgs/msg/detail/entity__type_support_c.cpp.o[0m
[2.864s] [ 72%] [32mBuilding CXX object CMakeFiles/micro_ros_msgs__rosidl_typesupport_fastrtps_c.dir/rosidl_typesupport_fastrtps_c/micro_ros_msgs/msg/detail/node__type_support_c.cpp.o[0m
[2.865s] [ 72%] Built target micro_ros_msgs__rosidl_typesupport_introspection_c
[3.201s] [ 74%] [32m[1mLinking CXX shared library libmicro_ros_msgs__rosidl_typesupport_cpp.so[0m
[3.213s] [ 76%] [32m[1mLinking CXX shared library libmicro_ros_msgs__rosidl_typesupport_introspection_cpp.so[0m
[3.235s] [ 76%] Built target micro_ros_msgs__rosidl_typesupport_cpp
[3.287s] [ 76%] Built target micro_ros_msgs__rosidl_typesupport_introspection_cpp
[3.392s] [ 78%] [32m[1mLinking CXX shared library libmicro_ros_msgs__rosidl_typesupport_fastrtps_cpp.so[0m
[3.400s] [ 80%] [32m[1mLinking CXX shared library libmicro_ros_msgs__rosidl_typesupport_fastrtps_c.so[0m
[3.445s] [ 80%] Built target micro_ros_msgs__rosidl_typesupport_fastrtps_cpp
[3.451s] [ 80%] Built target micro_ros_msgs__rosidl_typesupport_fastrtps_c
[3.462s] [ 80%] Built target micro_ros_msgs
[3.474s] [ 81%] [34m[1mGenerating Python code for ROS interfaces[0m
[3.779s] [ 81%] Built target micro_ros_msgs__py
[3.793s] [ 85%] [32mBuilding C object CMakeFiles/micro_ros_msgs__rosidl_generator_py.dir/rosidl_generator_py/micro_ros_msgs/msg/_entity_s.c.o[0m
[3.793s] [ 85%] [32mBuilding C object CMakeFiles/micro_ros_msgs__rosidl_generator_py.dir/rosidl_generator_py/micro_ros_msgs/msg/_node_s.c.o[0m
[3.793s] [ 87%] [32mBuilding C object CMakeFiles/micro_ros_msgs__rosidl_generator_py.dir/rosidl_generator_py/micro_ros_msgs/msg/_graph_s.c.o[0m
[3.908s] [ 89%] [32m[1mLinking C shared library libmicro_ros_msgs__rosidl_generator_py.so[0m
[3.937s] [ 89%] Built target micro_ros_msgs__rosidl_generator_py
[3.951s] [ 94%] [32mBuilding C object CMakeFiles/micro_ros_msgs_s__rosidl_typesupport_fastrtps_c.dir/rosidl_generator_py/micro_ros_msgs/_micro_ros_msgs_s.ep.rosidl_typesupport_fastrtps_c.c.o[0m
[3.951s] [ 94%] [32mBuilding C object CMakeFiles/micro_ros_msgs_s__rosidl_typesupport_c.dir/rosidl_generator_py/micro_ros_msgs/_micro_ros_msgs_s.ep.rosidl_typesupport_c.c.o[0m
[3.951s] [ 94%] [32mBuilding C object CMakeFiles/micro_ros_msgs_s__rosidl_typesupport_introspection_c.dir/rosidl_generator_py/micro_ros_msgs/_micro_ros_msgs_s.ep.rosidl_typesupport_introspection_c.c.o[0m
[4.026s] [ 96%] [32m[1mLinking C shared module rosidl_generator_py/micro_ros_msgs/micro_ros_msgs_s__rosidl_typesupport_c.so[0m
[4.027s] [ 98%] [32m[1mLinking C shared module rosidl_generator_py/micro_ros_msgs/micro_ros_msgs_s__rosidl_typesupport_introspection_c.so[0m
[4.029s] [100%] [32m[1mLinking C shared module rosidl_generator_py/micro_ros_msgs/micro_ros_msgs_s__rosidl_typesupport_fastrtps_c.so[0m
[4.047s] [100%] Built target micro_ros_msgs_s__rosidl_typesupport_c
[4.047s] [100%] Built target micro_ros_msgs_s__rosidl_typesupport_introspection_c
[4.048s] [100%] Built target micro_ros_msgs_s__rosidl_typesupport_fastrtps_c
[4.056s] Invoked command in '/home/ws/build/micro_ros_msgs' returned '0': CMAKE_PREFIX_PATH=${CMAKE_PREFIX_PATH}:/opt/ros/jazzy /usr/bin/cmake --build /home/ws/build/micro_ros_msgs -- -j16 -l16
[4.063s] Invoking command in '/home/ws/build/micro_ros_msgs': CMAKE_PREFIX_PATH=${CMAKE_PREFIX_PATH}:/opt/ros/jazzy /usr/bin/cmake --install /home/ws/build/micro_ros_msgs
[4.068s] -- Install configuration: ""
[4.068s] -- Installing: /home/ws/install/micro_ros_msgs/share/ament_index/resource_index/rosidl_interfaces/micro_ros_msgs
[4.068s] -- Installing: /home/ws/install/micro_ros_msgs/share/micro_ros_msgs/msg/Graph.json
[4.068s] -- Installing: /home/ws/install/micro_ros_msgs/share/micro_ros_msgs/msg/Node.json
[4.068s] -- Installing: /home/ws/install/micro_ros_msgs/share/micro_ros_msgs/msg/Entity.json
[4.068s] -- Installing: /home/ws/install/micro_ros_msgs/include/micro_ros_msgs/micro_ros_msgs
[4.068s] -- Installing: /home/ws/install/micro_ros_msgs/include/micro_ros_msgs/micro_ros_msgs/msg
[4.068s] -- Installing: /home/ws/install/micro_ros_msgs/include/micro_ros_msgs/micro_ros_msgs/msg/detail
[4.068s] -- Installing: /home/ws/install/micro_ros_msgs/include/micro_ros_msgs/micro_ros_msgs/msg/detail/entity__struct.h
[4.068s] -- Installing: /home/ws/install/micro_ros_msgs/include/micro_ros_msgs/micro_ros_msgs/msg/detail/entity__functions.c
[4.068s] -- Installing: /home/ws/install/micro_ros_msgs/include/micro_ros_msgs/micro_ros_msgs/msg/detail/graph__description.c
[4.069s] -- Installing: /home/ws/install/micro_ros_msgs/include/micro_ros_msgs/micro_ros_msgs/msg/detail/node__description.c
[4.069s] -- Installing: /home/ws/install/micro_ros_msgs/include/micro_ros_msgs/micro_ros_msgs/msg/detail/graph__type_support.c
[4.069s] -- Installing: /home/ws/install/micro_ros_msgs/include/micro_ros_msgs/micro_ros_msgs/msg/detail/entity__description.c
[4.069s] -- Installing: /home/ws/install/micro_ros_msgs/include/micro_ros_msgs/micro_ros_msgs/msg/detail/graph__struct.h
[4.069s] -- Installing: /home/ws/install/micro_ros_msgs/include/micro_ros_msgs/micro_ros_msgs/msg/detail/node__struct.h
[4.069s] -- Installing: /home/ws/install/micro_ros_msgs/include/micro_ros_msgs/micro_ros_msgs/msg/detail/node__functions.h
[4.069s] -- Installing: /home/ws/install/micro_ros_msgs/include/micro_ros_msgs/micro_ros_msgs/msg/detail/entity__type_support.h
[4.069s] -- Installing: /home/ws/install/micro_ros_msgs/include/micro_ros_msgs/micro_ros_msgs/msg/detail/entity__type_support.c
[4.069s] -- Installing: /home/ws/install/micro_ros_msgs/include/micro_ros_msgs/micro_ros_msgs/msg/detail/node__functions.c
[4.069s] -- Installing: /home/ws/install/micro_ros_msgs/include/micro_ros_msgs/micro_ros_msgs/msg/detail/graph__functions.c
[4.069s] -- Installing: /home/ws/install/micro_ros_msgs/include/micro_ros_msgs/micro_ros_msgs/msg/detail/graph__type_support.h
[4.069s] -- Installing: /home/ws/install/micro_ros_msgs/include/micro_ros_msgs/micro_ros_msgs/msg/detail/node__type_support.h
[4.069s] -- Installing: /home/ws/install/micro_ros_msgs/include/micro_ros_msgs/micro_ros_msgs/msg/detail/node__type_support.c
[4.069s] -- Installing: /home/ws/install/micro_ros_msgs/include/micro_ros_msgs/micro_ros_msgs/msg/detail/entity__functions.h
[4.069s] -- Installing: /home/ws/install/micro_ros_msgs/include/micro_ros_msgs/micro_ros_msgs/msg/detail/graph__functions.h
[4.069s] -- Installing: /home/ws/install/micro_ros_msgs/include/micro_ros_msgs/micro_ros_msgs/msg/entity.h
[4.069s] -- Installing: /home/ws/install/micro_ros_msgs/include/micro_ros_msgs/micro_ros_msgs/msg/rosidl_generator_c__visibility_control.h
[4.069s] -- Installing: /home/ws/install/micro_ros_msgs/include/micro_ros_msgs/micro_ros_msgs/msg/graph.h
[4.069s] -- Installing: /home/ws/install/micro_ros_msgs/include/micro_ros_msgs/micro_ros_msgs/msg/node.h
[4.070s] -- Installing: /home/ws/install/micro_ros_msgs/share/micro_ros_msgs/environment/library_path.sh
[4.070s] -- Installing: /home/ws/install/micro_ros_msgs/share/micro_ros_msgs/environment/library_path.dsv
[4.070s] -- Installing: /home/ws/install/micro_ros_msgs/lib/libmicro_ros_msgs__rosidl_generator_c.so
[4.070s] -- Set non-toolchain portion of runtime path of "/home/ws/install/micro_ros_msgs/lib/libmicro_ros_msgs__rosidl_generator_c.so" to ""
[4.070s] -- Up-to-date: /home/ws/install/micro_ros_msgs/include/micro_ros_msgs/micro_ros_msgs
[4.070s] -- Up-to-date: /home/ws/install/micro_ros_msgs/include/micro_ros_msgs/micro_ros_msgs/msg
[4.070s] -- Up-to-date: /home/ws/install/micro_ros_msgs/include/micro_ros_msgs/micro_ros_msgs/msg/detail
[4.070s] -- Installing: /home/ws/install/micro_ros_msgs/include/micro_ros_msgs/micro_ros_msgs/msg/detail/graph__rosidl_typesupport_fastrtps_c.h
[4.070s] -- Installing: /home/ws/install/micro_ros_msgs/include/micro_ros_msgs/micro_ros_msgs/msg/detail/entity__rosidl_typesupport_fastrtps_c.h
[4.070s] -- Installing: /home/ws/install/micro_ros_msgs/include/micro_ros_msgs/micro_ros_msgs/msg/detail/node__rosidl_typesupport_fastrtps_c.h
[4.070s] -- Installing: /home/ws/install/micro_ros_msgs/include/micro_ros_msgs/micro_ros_msgs/msg/rosidl_typesupport_fastrtps_c__visibility_control.h
[4.070s] -- Installing: /home/ws/install/micro_ros_msgs/lib/libmicro_ros_msgs__rosidl_typesupport_fastrtps_c.so
[4.070s] -- Set non-toolchain portion of runtime path of "/home/ws/install/micro_ros_msgs/lib/libmicro_ros_msgs__rosidl_typesupport_fastrtps_c.so" to ""
[4.070s] -- Up-to-date: /home/ws/install/micro_ros_msgs/include/micro_ros_msgs/micro_ros_msgs
[4.071s] -- Up-to-date: /home/ws/install/micro_ros_msgs/include/micro_ros_msgs/micro_ros_msgs/msg
[4.071s] -- Up-to-date: /home/ws/install/micro_ros_msgs/include/micro_ros_msgs/micro_ros_msgs/msg/detail
[4.071s] -- Installing: /home/ws/install/micro_ros_msgs/include/micro_ros_msgs/micro_ros_msgs/msg/detail/graph__type_support.c
[4.071s] -- Installing: /home/ws/install/micro_ros_msgs/include/micro_ros_msgs/micro_ros_msgs/msg/detail/entity__rosidl_typesupport_introspection_c.h
[4.071s] -- Installing: /home/ws/install/micro_ros_msgs/include/micro_ros_msgs/micro_ros_msgs/msg/detail/entity__type_support.c
[4.071s] -- Installing: /home/ws/install/micro_ros_msgs/include/micro_ros_msgs/micro_ros_msgs/msg/detail/node__rosidl_typesupport_introspection_c.h
[4.071s] -- Installing: /home/ws/install/micro_ros_msgs/include/micro_ros_msgs/micro_ros_msgs/msg/detail/graph__rosidl_typesupport_introspection_c.h
[4.071s] -- Installing: /home/ws/install/micro_ros_msgs/include/micro_ros_msgs/micro_ros_msgs/msg/detail/node__type_support.c
[4.071s] -- Installing: /home/ws/install/micro_ros_msgs/include/micro_ros_msgs/micro_ros_msgs/msg/rosidl_typesupport_introspection_c__visibility_control.h
[4.071s] -- Installing: /home/ws/install/micro_ros_msgs/lib/libmicro_ros_msgs__rosidl_typesupport_introspection_c.so
[4.071s] -- Set non-toolchain portion of runtime path of "/home/ws/install/micro_ros_msgs/lib/libmicro_ros_msgs__rosidl_typesupport_introspection_c.so" to ""
[4.071s] -- Installing: /home/ws/install/micro_ros_msgs/lib/libmicro_ros_msgs__rosidl_typesupport_c.so
[4.071s] -- Set non-toolchain portion of runtime path of "/home/ws/install/micro_ros_msgs/lib/libmicro_ros_msgs__rosidl_typesupport_c.so" to ""
[4.071s] -- Up-to-date: /home/ws/install/micro_ros_msgs/include/micro_ros_msgs/micro_ros_msgs
[4.071s] -- Up-to-date: /home/ws/install/micro_ros_msgs/include/micro_ros_msgs/micro_ros_msgs/msg
[4.071s] -- Installing: /home/ws/install/micro_ros_msgs/include/micro_ros_msgs/micro_ros_msgs/msg/rosidl_generator_cpp__visibility_control.hpp
[4.071s] -- Up-to-date: /home/ws/install/micro_ros_msgs/include/micro_ros_msgs/micro_ros_msgs/msg/detail
[4.072s] -- Installing: /home/ws/install/micro_ros_msgs/include/micro_ros_msgs/micro_ros_msgs/msg/detail/node__type_support.hpp
[4.072s] -- Installing: /home/ws/install/micro_ros_msgs/include/micro_ros_msgs/micro_ros_msgs/msg/detail/entity__traits.hpp
[4.072s] -- Installing: /home/ws/install/micro_ros_msgs/include/micro_ros_msgs/micro_ros_msgs/msg/detail/graph__builder.hpp
[4.072s] -- Installing: /home/ws/install/micro_ros_msgs/include/micro_ros_msgs/micro_ros_msgs/msg/detail/entity__builder.hpp
[4.072s] -- Installing: /home/ws/install/micro_ros_msgs/include/micro_ros_msgs/micro_ros_msgs/msg/detail/graph__traits.hpp
[4.072s] -- Installing: /home/ws/install/micro_ros_msgs/include/micro_ros_msgs/micro_ros_msgs/msg/detail/node__struct.hpp
[4.072s] -- Installing: /home/ws/install/micro_ros_msgs/include/micro_ros_msgs/micro_ros_msgs/msg/detail/graph__struct.hpp
[4.072s] -- Installing: /home/ws/install/micro_ros_msgs/include/micro_ros_msgs/micro_ros_msgs/msg/detail/node__builder.hpp
[4.072s] -- Installing: /home/ws/install/micro_ros_msgs/include/micro_ros_msgs/micro_ros_msgs/msg/detail/node__traits.hpp
[4.072s] -- Installing: /home/ws/install/micro_ros_msgs/include/micro_ros_msgs/micro_ros_msgs/msg/detail/entity__struct.hpp
[4.072s] -- Installing: /home/ws/install/micro_ros_msgs/include/micro_ros_msgs/micro_ros_msgs/msg/detail/entity__type_support.hpp
[4.072s] -- Installing: /home/ws/install/micro_ros_msgs/include/micro_ros_msgs/micro_ros_msgs/msg/detail/graph__type_support.hpp
[4.072s] -- Installing: /home/ws/install/micro_ros_msgs/include/micro_ros_msgs/micro_ros_msgs/msg/node.hpp
[4.072s] -- Installing: /home/ws/install/micro_ros_msgs/include/micro_ros_msgs/micro_ros_msgs/msg/graph.hpp
[4.072s] -- Installing: /home/ws/install/micro_ros_msgs/include/micro_ros_msgs/micro_ros_msgs/msg/entity.hpp
[4.072s] -- Up-to-date: /home/ws/install/micro_ros_msgs/include/micro_ros_msgs/micro_ros_msgs
[4.072s] -- Up-to-date: /home/ws/install/micro_ros_msgs/include/micro_ros_msgs/micro_ros_msgs/msg
[4.072s] -- Up-to-date: /home/ws/install/micro_ros_msgs/include/micro_ros_msgs/micro_ros_msgs/msg/detail
[4.072s] -- Installing: /home/ws/install/micro_ros_msgs/include/micro_ros_msgs/micro_ros_msgs/msg/detail/entity__rosidl_typesupport_fastrtps_cpp.hpp
[4.072s] -- Installing: /home/ws/install/micro_ros_msgs/include/micro_ros_msgs/micro_ros_msgs/msg/detail/graph__rosidl_typesupport_fastrtps_cpp.hpp
[4.073s] -- Installing: /home/ws/install/micro_ros_msgs/include/micro_ros_msgs/micro_ros_msgs/msg/detail/node__rosidl_typesupport_fastrtps_cpp.hpp
[4.073s] -- Installing: /home/ws/install/micro_ros_msgs/include/micro_ros_msgs/micro_ros_msgs/msg/detail/dds_fastrtps
[4.073s] -- Installing: /home/ws/install/micro_ros_msgs/include/micro_ros_msgs/micro_ros_msgs/msg/rosidl_typesupport_fastrtps_cpp__visibility_control.h
[4.073s] -- Installing: /home/ws/install/micro_ros_msgs/lib/libmicro_ros_msgs__rosidl_typesupport_fastrtps_cpp.so
[4.073s] -- Set non-toolchain portion of runtime path of "/home/ws/install/micro_ros_msgs/lib/libmicro_ros_msgs__rosidl_typesupport_fastrtps_cpp.so" to ""
[4.073s] -- Up-to-date: /home/ws/install/micro_ros_msgs/include/micro_ros_msgs/micro_ros_msgs
[4.073s] -- Up-to-date: /home/ws/install/micro_ros_msgs/include/micro_ros_msgs/micro_ros_msgs/msg
[4.073s] -- Up-to-date: /home/ws/install/micro_ros_msgs/include/micro_ros_msgs/micro_ros_msgs/msg/detail
[4.073s] -- Installing: /home/ws/install/micro_ros_msgs/include/micro_ros_msgs/micro_ros_msgs/msg/detail/graph__rosidl_typesupport_introspection_cpp.hpp
[4.073s] -- Installing: /home/ws/install/micro_ros_msgs/include/micro_ros_msgs/micro_ros_msgs/msg/detail/entity__rosidl_typesupport_introspection_cpp.hpp
[4.073s] -- Installing: /home/ws/install/micro_ros_msgs/include/micro_ros_msgs/micro_ros_msgs/msg/detail/node__type_support.cpp
[4.073s] -- Installing: /home/ws/install/micro_ros_msgs/include/micro_ros_msgs/micro_ros_msgs/msg/detail/node__rosidl_typesupport_introspection_cpp.hpp
[4.073s] -- Installing: /home/ws/install/micro_ros_msgs/include/micro_ros_msgs/micro_ros_msgs/msg/detail/graph__type_support.cpp
[4.073s] -- Installing: /home/ws/install/micro_ros_msgs/include/micro_ros_msgs/micro_ros_msgs/msg/detail/entity__type_support.cpp
[4.073s] -- Installing: /home/ws/install/micro_ros_msgs/lib/libmicro_ros_msgs__rosidl_typesupport_introspection_cpp.so
[4.073s] -- Set non-toolchain portion of runtime path of "/home/ws/install/micro_ros_msgs/lib/libmicro_ros_msgs__rosidl_typesupport_introspection_cpp.so" to ""
[4.073s] -- Installing: /home/ws/install/micro_ros_msgs/lib/libmicro_ros_msgs__rosidl_typesupport_cpp.so
[4.074s] -- Set non-toolchain portion of runtime path of "/home/ws/install/micro_ros_msgs/lib/libmicro_ros_msgs__rosidl_typesupport_cpp.so" to ""
[4.074s] -- Installing: /home/ws/install/micro_ros_msgs/share/micro_ros_msgs/environment/pythonpath.sh
[4.074s] -- Installing: /home/ws/install/micro_ros_msgs/share/micro_ros_msgs/environment/pythonpath.dsv
[4.074s] -- Installing: /home/ws/install/micro_ros_msgs/lib/python3.12/site-packages/micro_ros_msgs-5.0.2-py3.12.egg-info
[4.074s] -- Installing: /home/ws/install/micro_ros_msgs/lib/python3.12/site-packages/micro_ros_msgs-5.0.2-py3.12.egg-info/PKG-INFO
[4.074s] -- Installing: /home/ws/install/micro_ros_msgs/lib/python3.12/site-packages/micro_ros_msgs-5.0.2-py3.12.egg-info/SOURCES.txt
[4.074s] -- Installing: /home/ws/install/micro_ros_msgs/lib/python3.12/site-packages/micro_ros_msgs-5.0.2-py3.12.egg-info/dependency_links.txt
[4.074s] -- Installing: /home/ws/install/micro_ros_msgs/lib/python3.12/site-packages/micro_ros_msgs-5.0.2-py3.12.egg-info/top_level.txt
[4.074s] -- Installing: /home/ws/install/micro_ros_msgs/lib/python3.12/site-packages/micro_ros_msgs
[4.074s] -- Installing: /home/ws/install/micro_ros_msgs/lib/python3.12/site-packages/micro_ros_msgs/__init__.py
[4.074s] -- Installing: /home/ws/install/micro_ros_msgs/lib/python3.12/site-packages/micro_ros_msgs/micro_ros_msgs_s__rosidl_typesupport_fastrtps_c.so
[4.074s] -- Installing: /home/ws/install/micro_ros_msgs/lib/python3.12/site-packages/micro_ros_msgs/micro_ros_msgs_s__rosidl_typesupport_introspection_c.so
[4.074s] -- Installing: /home/ws/install/micro_ros_msgs/lib/python3.12/site-packages/micro_ros_msgs/micro_ros_msgs_s__rosidl_typesupport_c.so
[4.074s] -- Installing: /home/ws/install/micro_ros_msgs/lib/python3.12/site-packages/micro_ros_msgs/_micro_ros_msgs_s.ep.rosidl_typesupport_c.c
[4.074s] -- Installing: /home/ws/install/micro_ros_msgs/lib/python3.12/site-packages/micro_ros_msgs/msg
[4.074s] -- Installing: /home/ws/install/micro_ros_msgs/lib/python3.12/site-packages/micro_ros_msgs/msg/_entity_s.c
[4.075s] -- Installing: /home/ws/install/micro_ros_msgs/lib/python3.12/site-packages/micro_ros_msgs/msg/__init__.py
[4.075s] -- Installing: /home/ws/install/micro_ros_msgs/lib/python3.12/site-packages/micro_ros_msgs/msg/_node.py
[4.075s] -- Installing: /home/ws/install/micro_ros_msgs/lib/python3.12/site-packages/micro_ros_msgs/msg/_entity.py
[4.075s] -- Installing: /home/ws/install/micro_ros_msgs/lib/python3.12/site-packages/micro_ros_msgs/msg/_node_s.c
[4.075s] -- Installing: /home/ws/install/micro_ros_msgs/lib/python3.12/site-packages/micro_ros_msgs/msg/_graph.py
[4.075s] -- Installing: /home/ws/install/micro_ros_msgs/lib/python3.12/site-packages/micro_ros_msgs/msg/_graph_s.c
[4.075s] -- Installing: /home/ws/install/micro_ros_msgs/lib/python3.12/site-packages/micro_ros_msgs/_micro_ros_msgs_s.ep.rosidl_typesupport_introspection_c.c
[4.075s] -- Installing: /home/ws/install/micro_ros_msgs/lib/python3.12/site-packages/micro_ros_msgs/_micro_ros_msgs_s.ep.rosidl_typesupport_fastrtps_c.c
[4.105s] Listing '/home/ws/install/micro_ros_msgs/lib/python3.12/site-packages/micro_ros_msgs'...
[4.105s] Compiling '/home/ws/install/micro_ros_msgs/lib/python3.12/site-packages/micro_ros_msgs/__init__.py'...
[4.105s] Listing '/home/ws/install/micro_ros_msgs/lib/python3.12/site-packages/micro_ros_msgs/msg'...
[4.105s] Compiling '/home/ws/install/micro_ros_msgs/lib/python3.12/site-packages/micro_ros_msgs/msg/__init__.py'...
[4.105s] Compiling '/home/ws/install/micro_ros_msgs/lib/python3.12/site-packages/micro_ros_msgs/msg/_entity.py'...
[4.105s] Compiling '/home/ws/install/micro_ros_msgs/lib/python3.12/site-packages/micro_ros_msgs/msg/_graph.py'...
[4.105s] Compiling '/home/ws/install/micro_ros_msgs/lib/python3.12/site-packages/micro_ros_msgs/msg/_node.py'...
[4.109s] -- Installing: /home/ws/install/micro_ros_msgs/lib/python3.12/site-packages/micro_ros_msgs/micro_ros_msgs_s__rosidl_typesupport_fastrtps_c.so
[4.109s] -- Set non-toolchain portion of runtime path of "/home/ws/install/micro_ros_msgs/lib/python3.12/site-packages/micro_ros_msgs/micro_ros_msgs_s__rosidl_typesupport_fastrtps_c.so" to ""
[4.109s] -- Installing: /home/ws/install/micro_ros_msgs/lib/python3.12/site-packages/micro_ros_msgs/micro_ros_msgs_s__rosidl_typesupport_introspection_c.so
[4.109s] -- Set non-toolchain portion of runtime path of "/home/ws/install/micro_ros_msgs/lib/python3.12/site-packages/micro_ros_msgs/micro_ros_msgs_s__rosidl_typesupport_introspection_c.so" to ""
[4.109s] -- Installing: /home/ws/install/micro_ros_msgs/lib/python3.12/site-packages/micro_ros_msgs/micro_ros_msgs_s__rosidl_typesupport_c.so
[4.109s] -- Set non-toolchain portion of runtime path of "/home/ws/install/micro_ros_msgs/lib/python3.12/site-packages/micro_ros_msgs/micro_ros_msgs_s__rosidl_typesupport_c.so" to ""
[4.109s] -- Installing: /home/ws/install/micro_ros_msgs/lib/libmicro_ros_msgs__rosidl_generator_py.so
[4.110s] -- Set non-toolchain portion of runtime path of "/home/ws/install/micro_ros_msgs/lib/libmicro_ros_msgs__rosidl_generator_py.so" to ""
[4.110s] -- Installing: /home/ws/install/micro_ros_msgs/share/micro_ros_msgs/rust
[4.110s] -- Installing: /home/ws/install/micro_ros_msgs/share/micro_ros_msgs/rust/build.rs
[4.110s] -- Installing: /home/ws/install/micro_ros_msgs/share/micro_ros_msgs/rust/src
[4.110s] -- Installing: /home/ws/install/micro_ros_msgs/share/micro_ros_msgs/rust/src/lib.rs
[4.110s] -- Installing: /home/ws/install/micro_ros_msgs/share/micro_ros_msgs/rust/src/msg
[4.110s] -- Installing: /home/ws/install/micro_ros_msgs/share/micro_ros_msgs/rust/src/msg/rmw.rs
[4.110s] -- Installing: /home/ws/install/micro_ros_msgs/share/micro_ros_msgs/rust/src/msg.rs
[4.110s] -- Installing: /home/ws/install/micro_ros_msgs/share/micro_ros_msgs/rust/Cargo.toml
[4.110s] -- Installing: /home/ws/install/micro_ros_msgs/share/micro_ros_msgs/msg/Graph.idl
[4.110s] -- Installing: /home/ws/install/micro_ros_msgs/share/micro_ros_msgs/msg/Node.idl
[4.110s] -- Installing: /home/ws/install/micro_ros_msgs/share/micro_ros_msgs/msg/Entity.idl
[4.110s] -- Installing: /home/ws/install/micro_ros_msgs/share/micro_ros_msgs/msg/Graph.msg
[4.110s] -- Installing: /home/ws/install/micro_ros_msgs/share/micro_ros_msgs/msg/Node.msg
[4.110s] -- Installing: /home/ws/install/micro_ros_msgs/share/micro_ros_msgs/msg/Entity.msg
[4.110s] -- Installing: /home/ws/install/micro_ros_msgs/share/ament_index/resource_index/package_run_dependencies/micro_ros_msgs
[4.111s] -- Installing: /home/ws/install/micro_ros_msgs/share/ament_index/resource_index/parent_prefix_path/micro_ros_msgs
[4.111s] -- Installing: /home/ws/install/micro_ros_msgs/share/micro_ros_msgs/environment/ament_prefix_path.sh
[4.111s] -- Installing: /home/ws/install/micro_ros_msgs/share/micro_ros_msgs/environment/ament_prefix_path.dsv
[4.111s] -- Installing: /home/ws/install/micro_ros_msgs/share/micro_ros_msgs/environment/path.sh
[4.111s] -- Installing: /home/ws/install/micro_ros_msgs/share/micro_ros_msgs/environment/path.dsv
[4.111s] -- Installing: /home/ws/install/micro_ros_msgs/share/micro_ros_msgs/local_setup.bash
[4.111s] -- Installing: /home/ws/install/micro_ros_msgs/share/micro_ros_msgs/local_setup.sh
[4.111s] -- Installing: /home/ws/install/micro_ros_msgs/share/micro_ros_msgs/local_setup.zsh
[4.111s] -- Installing: /home/ws/install/micro_ros_msgs/share/micro_ros_msgs/local_setup.dsv
[4.111s] -- Installing: /home/ws/install/micro_ros_msgs/share/micro_ros_msgs/package.dsv
[4.111s] -- Installing: /home/ws/install/micro_ros_msgs/share/ament_index/resource_index/packages/micro_ros_msgs
[4.111s] -- Installing: /home/ws/install/micro_ros_msgs/share/micro_ros_msgs/cmake/export_micro_ros_msgs__rosidl_generator_cExport.cmake
[4.111s] -- Installing: /home/ws/install/micro_ros_msgs/share/micro_ros_msgs/cmake/export_micro_ros_msgs__rosidl_generator_cExport-noconfig.cmake
[4.112s] -- Installing: /home/ws/install/micro_ros_msgs/share/micro_ros_msgs/cmake/export_micro_ros_msgs__rosidl_typesupport_fastrtps_cExport.cmake
[4.112s] -- Installing: /home/ws/install/micro_ros_msgs/share/micro_ros_msgs/cmake/export_micro_ros_msgs__rosidl_typesupport_fastrtps_cExport-noconfig.cmake
[4.112s] -- Installing: /home/ws/install/micro_ros_msgs/share/micro_ros_msgs/cmake/micro_ros_msgs__rosidl_typesupport_introspection_cExport.cmake
[4.112s] -- Installing: /home/ws/install/micro_ros_msgs/share/micro_ros_msgs/cmake/micro_ros_msgs__rosidl_typesupport_introspection_cExport-noconfig.cmake
[4.112s] -- Installing: /home/ws/install/micro_ros_msgs/share/micro_ros_msgs/cmake/micro_ros_msgs__rosidl_typesupport_cExport.cmake
[4.112s] -- Installing: /home/ws/install/micro_ros_msgs/share/micro_ros_msgs/cmake/micro_ros_msgs__rosidl_typesupport_cExport-noconfig.cmake
[4.112s] -- Installing: /home/ws/install/micro_ros_msgs/share/micro_ros_msgs/cmake/export_micro_ros_msgs__rosidl_generator_cppExport.cmake
[4.112s] -- Installing: /home/ws/install/micro_ros_msgs/share/micro_ros_msgs/cmake/export_micro_ros_msgs__rosidl_typesupport_fastrtps_cppExport.cmake
[4.112s] -- Installing: /home/ws/install/micro_ros_msgs/share/micro_ros_msgs/cmake/export_micro_ros_msgs__rosidl_typesupport_fastrtps_cppExport-noconfig.cmake
[4.112s] -- Installing: /home/ws/install/micro_ros_msgs/share/micro_ros_msgs/cmake/micro_ros_msgs__rosidl_typesupport_introspection_cppExport.cmake
[4.112s] -- Installing: /home/ws/install/micro_ros_msgs/share/micro_ros_msgs/cmake/micro_ros_msgs__rosidl_typesupport_introspection_cppExport-noconfig.cmake
[4.112s] -- Installing: /home/ws/install/micro_ros_msgs/share/micro_ros_msgs/cmake/micro_ros_msgs__rosidl_typesupport_cppExport.cmake
[4.113s] -- Installing: /home/ws/install/micro_ros_msgs/share/micro_ros_msgs/cmake/micro_ros_msgs__rosidl_typesupport_cppExport-noconfig.cmake
[4.113s] -- Installing: /home/ws/install/micro_ros_msgs/share/micro_ros_msgs/cmake/export_micro_ros_msgs__rosidl_generator_pyExport.cmake
[4.113s] -- Installing: /home/ws/install/micro_ros_msgs/share/micro_ros_msgs/cmake/export_micro_ros_msgs__rosidl_generator_pyExport-noconfig.cmake
[4.113s] -- Installing: /home/ws/install/micro_ros_msgs/share/micro_ros_msgs/cmake/rosidl_cmake-extras.cmake
[4.113s] -- Installing: /home/ws/install/micro_ros_msgs/share/micro_ros_msgs/cmake/ament_cmake_export_include_directories-extras.cmake
[4.113s] -- Installing: /home/ws/install/micro_ros_msgs/share/micro_ros_msgs/cmake/ament_cmake_export_libraries-extras.cmake
[4.113s] -- Installing: /home/ws/install/micro_ros_msgs/share/micro_ros_msgs/cmake/ament_cmake_export_targets-extras.cmake
[4.113s] -- Installing: /home/ws/install/micro_ros_msgs/share/micro_ros_msgs/cmake/rosidl_cmake_export_typesupport_targets-extras.cmake
[4.113s] -- Installing: /home/ws/install/micro_ros_msgs/share/micro_ros_msgs/cmake/ament_cmake_export_dependencies-extras.cmake
[4.113s] -- Installing: /home/ws/install/micro_ros_msgs/share/micro_ros_msgs/cmake/rosidl_cmake_export_typesupport_libraries-extras.cmake
[4.113s] -- Installing: /home/ws/install/micro_ros_msgs/share/micro_ros_msgs/cmake/rosidl_cmake_aggregate_target-extras.cmake
[4.113s] -- Installing: /home/ws/install/micro_ros_msgs/share/micro_ros_msgs/cmake/micro_ros_msgsConfig.cmake
[4.113s] -- Installing: /home/ws/install/micro_ros_msgs/share/micro_ros_msgs/cmake/micro_ros_msgsConfig-version.cmake
[4.113s] -- Installing: /home/ws/install/micro_ros_msgs/share/micro_ros_msgs/package.xml
[4.115s] Invoked command in '/home/ws/build/micro_ros_msgs' returned '0': CMAKE_PREFIX_PATH=${CMAKE_PREFIX_PATH}:/opt/ros/jazzy /usr/bin/cmake --install /home/ws/build/micro_ros_msgs
