[0.014s] Invoking command in '/home/ws/build/linorobot2_base': CMAKE_PREFIX_PATH=${CMAKE_PREFIX_PATH}:/opt/ros/jazzy /usr/bin/cmake /home/ws/src/linorobot2/linorobot2_base -DCMAKE_INSTALL_PREFIX=/home/ws/install/linorobot2_base
[0.061s] -- The C compiler identification is GNU 13.3.0
[0.110s] -- The CXX compiler identification is GNU 13.3.0
[0.122s] -- Detecting C compiler ABI info
[0.192s] -- Detecting C compiler ABI info - done
[0.206s] -- Check for working C compiler: /usr/bin/cc - skipped
[0.206s] -- Detecting C compile features
[0.206s] -- Detecting C compile features - done
[0.215s] -- Detecting CXX compiler ABI info
[0.292s] -- Detecting CXX compiler ABI info - done
[0.300s] -- Check for working CXX compiler: /usr/bin/c++ - skipped
[0.300s] -- Detecting CXX compile features
[0.300s] -- Detecting CXX compile features - done
[0.303s] -- Found ament_cmake: 2.5.6 (/opt/ros/jazzy/share/ament_cmake/cmake)
[0.427s] -- Found Python3: /usr/bin/python3 (found version "3.12.3") found components: Interpreter 
[0.661s] -- Configuring done (0.6s)
[0.663s] -- Generating done (0.0s)
[0.664s] -- Build files have been written to: /home/ws/build/linorobot2_base
[0.668s] Invoked command in '/home/ws/build/linorobot2_base' returned '0': CMAKE_PREFIX_PATH=${CMAKE_PREFIX_PATH}:/opt/ros/jazzy /usr/bin/cmake /home/ws/src/linorobot2/linorobot2_base -DCMAKE_INSTALL_PREFIX=/home/ws/install/linorobot2_base
[0.669s] Invoking command in '/home/ws/build/linorobot2_base': CMAKE_PREFIX_PATH=${CMAKE_PREFIX_PATH}:/opt/ros/jazzy /usr/bin/cmake --build /home/ws/build/linorobot2_base -- -j16 -l16
[0.695s] Invoked command in '/home/ws/build/linorobot2_base' returned '0': CMAKE_PREFIX_PATH=${CMAKE_PREFIX_PATH}:/opt/ros/jazzy /usr/bin/cmake --build /home/ws/build/linorobot2_base -- -j16 -l16
[0.698s] Invoking command in '/home/ws/build/linorobot2_base': CMAKE_PREFIX_PATH=${CMAKE_PREFIX_PATH}:/opt/ros/jazzy /usr/bin/cmake --install /home/ws/build/linorobot2_base
[0.710s] -- Install configuration: ""
[0.710s] -- Installing: /home/ws/install/linorobot2_base/share/linorobot2_base/config
[0.710s] -- Installing: /home/ws/install/linorobot2_base/share/linorobot2_base/config/ekf.yaml
[0.710s] -- Installing: /home/ws/install/linorobot2_base/share/ament_index/resource_index/package_run_dependencies/linorobot2_base
[0.710s] -- Installing: /home/ws/install/linorobot2_base/share/ament_index/resource_index/parent_prefix_path/linorobot2_base
[0.710s] -- Installing: /home/ws/install/linorobot2_base/share/linorobot2_base/environment/ament_prefix_path.sh
[0.711s] -- Installing: /home/ws/install/linorobot2_base/share/linorobot2_base/environment/ament_prefix_path.dsv
[0.711s] -- Installing: /home/ws/install/linorobot2_base/share/linorobot2_base/environment/path.sh
[0.711s] -- Installing: /home/ws/install/linorobot2_base/share/linorobot2_base/environment/path.dsv
[0.711s] -- Installing: /home/ws/install/linorobot2_base/share/linorobot2_base/local_setup.bash
[0.711s] -- Installing: /home/ws/install/linorobot2_base/share/linorobot2_base/local_setup.sh
[0.711s] -- Installing: /home/ws/install/linorobot2_base/share/linorobot2_base/local_setup.zsh
[0.711s] -- Installing: /home/ws/install/linorobot2_base/share/linorobot2_base/local_setup.dsv
[0.711s] -- Installing: /home/ws/install/linorobot2_base/share/linorobot2_base/package.dsv
[0.711s] -- Installing: /home/ws/install/linorobot2_base/share/ament_index/resource_index/packages/linorobot2_base
[0.711s] -- Installing: /home/ws/install/linorobot2_base/share/linorobot2_base/cmake/linorobot2_baseConfig.cmake
[0.711s] -- Installing: /home/ws/install/linorobot2_base/share/linorobot2_base/cmake/linorobot2_baseConfig-version.cmake
[0.711s] -- Installing: /home/ws/install/linorobot2_base/share/linorobot2_base/package.xml
[0.719s] Invoked command in '/home/ws/build/linorobot2_base' returned '0': CMAKE_PREFIX_PATH=${CMAKE_PREFIX_PATH}:/opt/ros/jazzy /usr/bin/cmake --install /home/ws/build/linorobot2_base
